[    0.000000] Linux version 5.10.227-219.884.amzn2.x86_64 (mockbuild@ip-10-0-53-155) (gcc10-gcc (GCC) 10.5.0 20230707 (Red Hat 10.5.0-1), GNU ld version 2.35.2-9.amzn2.0.1) #1 SMP Tue Oct 22 16:38:23 UTC 2024
[    0.000000] Command line: BOOT_IMAGE=/boot/vmlinuz-5.10.227-219.884.amzn2.x86_64 root=UUID=a8789b5e-031c-4b41-b906-501fd7c0ef8c ro console=tty0 console=ttyS0,115200n8 net.ifnames=0 biosdevname=0 nvme_core.io_timeout=4294967295 rd.emergency=poweroff rd.shell=0 LANG=en_US.UTF-8 KEYTABLE=us psi=1 clocksource=tsc tsc=reliable
[    0.000000] KASLR enabled
[    0.000000] BIOS-provided physical RAM map:
[    0.000000] BIOS-e820: [mem 0x0000000000000000-0x000000000009fbff] usable
[    0.000000] BIOS-e820: [mem 0x000000000009fc00-0x000000000009ffff] reserved
[    0.000000] BIOS-e820: [mem 0x00000000000f0000-0x00000000000fffff] reserved
[    0.000000] BIOS-e820: [mem 0x0000000000100000-0x00000000bffe4fff] usable
[    0.000000] BIOS-e820: [mem 0x00000000bffe5000-0x00000000bfffffff] reserved
[    0.000000] BIOS-e820: [mem 0x00000000e0000000-0x00000000e03fffff] reserved
[    0.000000] BIOS-e820: [mem 0x00000000fffc0000-0x00000000ffffffff] reserved
[    0.000000] BIOS-e820: [mem 0x0000000100000000-0x00000017beffffff] usable
[    0.000000] BIOS-e820: [mem 0x00000017bf000000-0x000000183fffffff] reserved
[    0.000000] BIOS-e820: [mem 0x0000001840000000-0x0000002fbeffffff] usable
[    0.000000] BIOS-e820: [mem 0x0000002fbf000000-0x000000303fffffff] reserved
[    0.000000] BIOS-e820: [mem 0x0000003040000000-0x00000047beffffff] usable
[    0.000000] BIOS-e820: [mem 0x00000047bf000000-0x000000483fffffff] reserved
[    0.000000] BIOS-e820: [mem 0x0000004840000000-0x0000005fbeffffff] usable
[    0.000000] BIOS-e820: [mem 0x0000005fbf000000-0x000000603fffffff] reserved
[    0.000000] NX (Execute Disable) protection: active
[    0.000000] SMBIOS 2.7 present.
[    0.000000] DMI: Amazon EC2 hpc6a.48xlarge/, BIOS 1.0 10/16/2017
[    0.000000] Hypervisor detected: KVM
[    0.000000] kvm-clock: Using msrs 4b564d01 and 4b564d00
[    0.000000] kvm-clock: cpu 0, msr 3d21601001, primary cpu clock
[    0.000000] kvm-clock: using sched offset of 3019020853 cycles
[    0.000002] clocksource: kvm-clock: mask: 0xffffffffffffffff max_cycles: 0x1cd42e4dffb, max_idle_ns: 881590591483 ns
[    0.000004] tsc: Detected 2650.000 MHz processor
[    0.000496] e820: update [mem 0x00000000-0x00000fff] usable ==> reserved
[    0.000498] e820: remove [mem 0x000a0000-0x000fffff] usable
[    0.000503] last_pfn = 0x5fbf000 max_arch_pfn = 0x400000000
[    0.000548] MTRR default type: write-back
[    0.000549] MTRR fixed ranges enabled:
[    0.000550]   00000-9FFFF write-back
[    0.000550]   A0000-BFFFF uncachable
[    0.000551]   C0000-FFFFF write-protect
[    0.000552] MTRR variable ranges enabled:
[    0.000553]   0 base 0000C0000000 mask FFFFC0000000 uncachable
[    0.000553]   1 disabled
[    0.000554]   2 disabled
[    0.000554]   3 disabled
[    0.000554]   4 disabled
[    0.000555]   5 disabled
[    0.000555]   6 disabled
[    0.000556]   7 disabled
[    0.000628] x86/PAT: Configuration [0-7]: WB  WC  UC- UC  WB  WP  UC- WT  
[    0.000683] last_pfn = 0xbffe5 max_arch_pfn = 0x400000000
[    0.004099] check: Scanning 1 areas for low memory corruption
[    0.004170] Using GB pages for direct mapping
[    0.004438] RAMDISK: [mem 0x36871000-0x3742ffff]
[    0.004518] ACPI: Early table checksum verification disabled
[    0.004525] ACPI: RSDP 0x00000000000F8F00 000014 (v00 AMAZON)
[    0.004565] ACPI: RSDT 0x00000000BFFE94C0 000044 (v01 AMAZON AMZNRSDT 00000001 AMZN 00000001)
[    0.004570] ACPI: WAET 0x00000000BFFEFFC0 000028 (v01 AMAZON AMZNWAET 00000001 AMZN 00000001)
[    0.004573] ACPI: SLIT 0x00000000BFFEFF40 00006C (v01 AMAZON AMZNSLIT 00000001 AMZN 00000001)
[    0.004575] ACPI: APIC 0x00000000BFFEFBC0 000366 (v01 AMAZON AMZNAPIC 00000001 AMZN 00000001)
[    0.004577] ACPI: SRAT 0x00000000BFFEF4C0 0006F8 (v01 AMAZON AMZNSRAT 00000001 AMZN 00000001)
[    0.004579] ACPI: FACP 0x00000000BFFEF380 000114 (v01 AMAZON AMZNFACP 00000001 AMZN 00000001)
[    0.004583] ACPI: DSDT 0x00000000BFFEE1C0 00115A (v01 AMAZON AMZNDSDT 00000001 AMZN 00000001)
[    0.004585] ACPI: FACS 0x00000000000F8EC0 000040
[    0.004587] ACPI: HPET 0x00000000BFFEF340 000038 (v01 AMAZON AMZNHPET 00000001 AMZN 00000001)
[    0.004589] ACPI: SSDT 0x00000000BFFE95C0 004BF6 (v01 AMAZON AMZNSSDT 00000001 AMZN 00000001)
[    0.004592] ACPI: SSDT 0x00000000BFFE9540 00007F (v01 AMAZON AMZNSSDT 00000001 AMZN 00000001)
[    0.004594] ACPI: Reserving WAET table memory at [mem 0xbffeffc0-0xbffeffe7]
[    0.004595] ACPI: Reserving SLIT table memory at [mem 0xbffeff40-0xbffeffab]
[    0.004595] ACPI: Reserving APIC table memory at [mem 0xbffefbc0-0xbffeff25]
[    0.004596] ACPI: Reserving SRAT table memory at [mem 0xbffef4c0-0xbffefbb7]
[    0.004597] ACPI: Reserving FACP table memory at [mem 0xbffef380-0xbffef493]
[    0.004598] ACPI: Reserving DSDT table memory at [mem 0xbffee1c0-0xbffef319]
[    0.004598] ACPI: Reserving FACS table memory at [mem 0xf8ec0-0xf8eff]
[    0.004599] ACPI: Reserving HPET table memory at [mem 0xbffef340-0xbffef377]
[    0.004600] ACPI: Reserving SSDT table memory at [mem 0xbffe95c0-0xbffee1b5]
[    0.004601] ACPI: Reserving SSDT table memory at [mem 0xbffe9540-0xbffe95be]
[    0.004616] ACPI: Local APIC address 0xfee00000
[    0.004641] SRAT: PXM 0 -> APIC 0x00 -> Node 0
[    0.004642] SRAT: PXM 0 -> APIC 0x01 -> Node 0
[    0.004643] SRAT: PXM 0 -> APIC 0x02 -> Node 0
[    0.004644] SRAT: PXM 0 -> APIC 0x03 -> Node 0
[    0.004644] SRAT: PXM 0 -> APIC 0x04 -> Node 0
[    0.004645] SRAT: PXM 0 -> APIC 0x05 -> Node 0
[    0.004646] SRAT: PXM 0 -> APIC 0x06 -> Node 0
[    0.004646] SRAT: PXM 0 -> APIC 0x07 -> Node 0
[    0.004647] SRAT: PXM 0 -> APIC 0x08 -> Node 0
[    0.004647] SRAT: PXM 0 -> APIC 0x09 -> Node 0
[    0.004648] SRAT: PXM 0 -> APIC 0x0a -> Node 0
[    0.004649] SRAT: PXM 0 -> APIC 0x0b -> Node 0
[    0.004649] SRAT: PXM 0 -> APIC 0x0c -> Node 0
[    0.004650] SRAT: PXM 0 -> APIC 0x0d -> Node 0
[    0.004651] SRAT: PXM 0 -> APIC 0x0e -> Node 0
[    0.004651] SRAT: PXM 0 -> APIC 0x0f -> Node 0
[    0.004652] SRAT: PXM 0 -> APIC 0x10 -> Node 0
[    0.004653] SRAT: PXM 0 -> APIC 0x11 -> Node 0
[    0.004653] SRAT: PXM 0 -> APIC 0x12 -> Node 0
[    0.004654] SRAT: PXM 0 -> APIC 0x13 -> Node 0
[    0.004654] SRAT: PXM 0 -> APIC 0x14 -> Node 0
[    0.004655] SRAT: PXM 0 -> APIC 0x15 -> Node 0
[    0.004656] SRAT: PXM 0 -> APIC 0x16 -> Node 0
[    0.004656] SRAT: PXM 0 -> APIC 0x17 -> Node 0
[    0.004657] SRAT: PXM 1 -> APIC 0x20 -> Node 1
[    0.004658] SRAT: PXM 1 -> APIC 0x21 -> Node 1
[    0.004658] SRAT: PXM 1 -> APIC 0x22 -> Node 1
[    0.004659] SRAT: PXM 1 -> APIC 0x23 -> Node 1
[    0.004659] SRAT: PXM 1 -> APIC 0x24 -> Node 1
[    0.004660] SRAT: PXM 1 -> APIC 0x25 -> Node 1
[    0.004661] SRAT: PXM 1 -> APIC 0x26 -> Node 1
[    0.004661] SRAT: PXM 1 -> APIC 0x27 -> Node 1
[    0.004662] SRAT: PXM 1 -> APIC 0x28 -> Node 1
[    0.004663] SRAT: PXM 1 -> APIC 0x29 -> Node 1
[    0.004663] SRAT: PXM 1 -> APIC 0x2a -> Node 1
[    0.004664] SRAT: PXM 1 -> APIC 0x2b -> Node 1
[    0.004664] SRAT: PXM 1 -> APIC 0x2c -> Node 1
[    0.004665] SRAT: PXM 1 -> APIC 0x2d -> Node 1
[    0.004666] SRAT: PXM 1 -> APIC 0x2e -> Node 1
[    0.004666] SRAT: PXM 1 -> APIC 0x2f -> Node 1
[    0.004667] SRAT: PXM 1 -> APIC 0x30 -> Node 1
[    0.004668] SRAT: PXM 1 -> APIC 0x31 -> Node 1
[    0.004668] SRAT: PXM 1 -> APIC 0x32 -> Node 1
[    0.004669] SRAT: PXM 1 -> APIC 0x33 -> Node 1
[    0.004669] SRAT: PXM 1 -> APIC 0x34 -> Node 1
[    0.004670] SRAT: PXM 1 -> APIC 0x35 -> Node 1
[    0.004671] SRAT: PXM 1 -> APIC 0x36 -> Node 1
[    0.004671] SRAT: PXM 1 -> APIC 0x37 -> Node 1
[    0.004672] SRAT: PXM 2 -> APIC 0x40 -> Node 2
[    0.004673] SRAT: PXM 2 -> APIC 0x41 -> Node 2
[    0.004673] SRAT: PXM 2 -> APIC 0x42 -> Node 2
[    0.004674] SRAT: PXM 2 -> APIC 0x43 -> Node 2
[    0.004674] SRAT: PXM 2 -> APIC 0x44 -> Node 2
[    0.004675] SRAT: PXM 2 -> APIC 0x45 -> Node 2
[    0.004676] SRAT: PXM 2 -> APIC 0x46 -> Node 2
[    0.004676] SRAT: PXM 2 -> APIC 0x47 -> Node 2
[    0.004677] SRAT: PXM 2 -> APIC 0x48 -> Node 2
[    0.004678] SRAT: PXM 2 -> APIC 0x49 -> Node 2
[    0.004678] SRAT: PXM 2 -> APIC 0x4a -> Node 2
[    0.004679] SRAT: PXM 2 -> APIC 0x4b -> Node 2
[    0.004679] SRAT: PXM 2 -> APIC 0x4c -> Node 2
[    0.004680] SRAT: PXM 2 -> APIC 0x4d -> Node 2
[    0.004681] SRAT: PXM 2 -> APIC 0x4e -> Node 2
[    0.004681] SRAT: PXM 2 -> APIC 0x4f -> Node 2
[    0.004682] SRAT: PXM 2 -> APIC 0x50 -> Node 2
[    0.004683] SRAT: PXM 2 -> APIC 0x51 -> Node 2
[    0.004683] SRAT: PXM 2 -> APIC 0x52 -> Node 2
[    0.004684] SRAT: PXM 2 -> APIC 0x53 -> Node 2
[    0.004684] SRAT: PXM 2 -> APIC 0x54 -> Node 2
[    0.004685] SRAT: PXM 2 -> APIC 0x55 -> Node 2
[    0.004686] SRAT: PXM 2 -> APIC 0x56 -> Node 2
[    0.004686] SRAT: PXM 2 -> APIC 0x57 -> Node 2
[    0.004687] SRAT: PXM 3 -> APIC 0x60 -> Node 3
[    0.004688] SRAT: PXM 3 -> APIC 0x61 -> Node 3
[    0.004688] SRAT: PXM 3 -> APIC 0x62 -> Node 3
[    0.004689] SRAT: PXM 3 -> APIC 0x63 -> Node 3
[    0.004689] SRAT: PXM 3 -> APIC 0x64 -> Node 3
[    0.004690] SRAT: PXM 3 -> APIC 0x65 -> Node 3
[    0.004691] SRAT: PXM 3 -> APIC 0x66 -> Node 3
[    0.004691] SRAT: PXM 3 -> APIC 0x67 -> Node 3
[    0.004692] SRAT: PXM 3 -> APIC 0x68 -> Node 3
[    0.004693] SRAT: PXM 3 -> APIC 0x69 -> Node 3
[    0.004693] SRAT: PXM 3 -> APIC 0x6a -> Node 3
[    0.004694] SRAT: PXM 3 -> APIC 0x6b -> Node 3
[    0.004694] SRAT: PXM 3 -> APIC 0x6c -> Node 3
[    0.004695] SRAT: PXM 3 -> APIC 0x6d -> Node 3
[    0.004696] SRAT: PXM 3 -> APIC 0x6e -> Node 3
[    0.004696] SRAT: PXM 3 -> APIC 0x6f -> Node 3
[    0.004697] SRAT: PXM 3 -> APIC 0x70 -> Node 3
[    0.004697] SRAT: PXM 3 -> APIC 0x71 -> Node 3
[    0.004698] SRAT: PXM 3 -> APIC 0x72 -> Node 3
[    0.004699] SRAT: PXM 3 -> APIC 0x73 -> Node 3
[    0.004699] SRAT: PXM 3 -> APIC 0x74 -> Node 3
[    0.004700] SRAT: PXM 3 -> APIC 0x75 -> Node 3
[    0.004701] SRAT: PXM 3 -> APIC 0x76 -> Node 3
[    0.004701] SRAT: PXM 3 -> APIC 0x77 -> Node 3
[    0.004704] ACPI: SRAT: Node 0 PXM 0 [mem 0x00000000-0xbfffffff]
[    0.004705] ACPI: SRAT: Node 0 PXM 0 [mem 0x100000000-0x183fffffff]
[    0.004706] ACPI: SRAT: Node 1 PXM 1 [mem 0x1840000000-0x303fffffff]
[    0.004706] ACPI: SRAT: Node 2 PXM 2 [mem 0x3040000000-0x483fffffff]
[    0.004707] ACPI: SRAT: Node 3 PXM 3 [mem 0x4840000000-0x603fffffff]
[    0.004752] NUMA: Initialized distance table, cnt=4
[    0.004754] NUMA: Node 0 [mem 0x00000000-0xbfffffff] + [mem 0x100000000-0x183fffffff] -> [mem 0x00000000-0x183fffffff]
[    0.004762] NODE_DATA(0) allocated [mem 0x17befde000-0x17beffffff]
[    0.004809] NODE_DATA(1) allocated [mem 0x2fbefde000-0x2fbeffffff]
[    0.004857] NODE_DATA(2) allocated [mem 0x47befde000-0x47beffffff]
[    0.004911] NODE_DATA(3) allocated [mem 0x5fbefdd000-0x5fbeffefff]
[    0.005325] Zone ranges:
[    0.005326]   DMA      [mem 0x0000000000001000-0x0000000000ffffff]
[    0.005328]   DMA32    [mem 0x0000000001000000-0x00000000ffffffff]
[    0.005329]   Normal   [mem 0x0000000100000000-0x0000005fbeffffff]
[    0.005330] Movable zone start for each node
[    0.005332] Early memory node ranges
[    0.005333]   node   0: [mem 0x0000000000001000-0x000000000009efff]
[    0.005334]   node   0: [mem 0x0000000000100000-0x00000000bffe4fff]
[    0.005335]   node   0: [mem 0x0000000100000000-0x00000017beffffff]
[    0.005342]   node   1: [mem 0x0000001840000000-0x0000002fbeffffff]
[    0.005348]   node   2: [mem 0x0000003040000000-0x00000047beffffff]
[    0.005355]   node   3: [mem 0x0000004840000000-0x0000005fbeffffff]
[    0.005362] Initmem setup node 0 [mem 0x0000000000001000-0x00000017beffffff]
[    0.005363] On node 0 totalpages: 24637315
[    0.005364]   DMA zone: 64 pages used for memmap
[    0.005365]   DMA zone: 21 pages reserved
[    0.005366]   DMA zone: 3998 pages, LIFO batch:0
[    0.005367]   DMA32 zone: 12224 pages used for memmap
[    0.005368]   DMA32 zone: 782309 pages, LIFO batch:63
[    0.005368]   Normal zone: 372672 pages used for memmap
[    0.005369]   Normal zone: 23851008 pages, LIFO batch:63
[    0.005369] Initmem setup node 1 [mem 0x0000001840000000-0x0000002fbeffffff]
[    0.005370] On node 1 totalpages: 24637440
[    0.005371]   Normal zone: 384960 pages used for memmap
[    0.005371]   Normal zone: 24637440 pages, LIFO batch:63
[    0.005372] Initmem setup node 2 [mem 0x0000003040000000-0x00000047beffffff]
[    0.005373] On node 2 totalpages: 24637440
[    0.005373]   Normal zone: 384960 pages used for memmap
[    0.005374]   Normal zone: 24637440 pages, LIFO batch:63
[    0.005374] Initmem setup node 3 [mem 0x0000004840000000-0x0000005fbeffffff]
[    0.005375] On node 3 totalpages: 24637440
[    0.005376]   Normal zone: 384960 pages used for memmap
[    0.005376]   Normal zone: 24637440 pages, LIFO batch:63
[    0.005453] On node 0, zone DMA: 1 pages in unavailable ranges
[    0.005479] On node 0, zone DMA: 97 pages in unavailable ranges
[    0.010686] On node 0, zone Normal: 27 pages in unavailable ranges
[    0.011039] On node 1, zone Normal: 4096 pages in unavailable ranges
[    0.011392] On node 2, zone Normal: 4096 pages in unavailable ranges
[    0.011743] On node 3, zone Normal: 4096 pages in unavailable ranges
[    0.011822] On node 3, zone Normal: 4096 pages in unavailable ranges
[    0.012247] ACPI: PM-Timer IO Port: 0xb008
[    0.012250] ACPI: Local APIC address 0xfee00000
[    0.012266] ACPI: LAPIC_NMI (acpi_id[0xff] dfl dfl lint[0x1])
[    0.012314] IOAPIC[0]: apic_id 0, version 32, address 0xfec00000, GSI 0-23
[    0.012317] ACPI: INT_SRC_OVR (bus 0 bus_irq 5 global_irq 5 high level)
[    0.012319] ACPI: INT_SRC_OVR (bus 0 bus_irq 9 global_irq 9 high level)
[    0.012320] ACPI: INT_SRC_OVR (bus 0 bus_irq 10 global_irq 10 high level)
[    0.012321] ACPI: INT_SRC_OVR (bus 0 bus_irq 11 global_irq 11 high level)
[    0.012322] ACPI: IRQ5 used by override.
[    0.012323] ACPI: IRQ9 used by override.
[    0.012323] ACPI: IRQ10 used by override.
[    0.012324] ACPI: IRQ11 used by override.
[    0.012326] Using ACPI (MADT) for SMP configuration information
[    0.012327] ACPI: HPET id: 0x8086a201 base: 0xfed00000
[    0.012335] smpboot: Allowing 96 CPUs, 0 hotplug CPUs
[    0.012364] PM: hibernation: Registered nosave memory: [mem 0x00000000-0x00000fff]
[    0.012365] PM: hibernation: Registered nosave memory: [mem 0x0009f000-0x0009ffff]
[    0.012366] PM: hibernation: Registered nosave memory: [mem 0x000a0000-0x000effff]
[    0.012367] PM: hibernation: Registered nosave memory: [mem 0x000f0000-0x000fffff]
[    0.012368] PM: hibernation: Registered nosave memory: [mem 0xbffe5000-0xbfffffff]
[    0.012368] PM: hibernation: Registered nosave memory: [mem 0xc0000000-0xdfffffff]
[    0.012369] PM: hibernation: Registered nosave memory: [mem 0xe0000000-0xe03fffff]
[    0.012370] PM: hibernation: Registered nosave memory: [mem 0xe0400000-0xfffbffff]
[    0.012370] PM: hibernation: Registered nosave memory: [mem 0xfffc0000-0xffffffff]
[    0.012372] PM: hibernation: Registered nosave memory: [mem 0x17bf000000-0x183fffffff]
[    0.012373] PM: hibernation: Registered nosave memory: [mem 0x2fbf000000-0x303fffffff]
[    0.012374] PM: hibernation: Registered nosave memory: [mem 0x47bf000000-0x483fffffff]
[    0.012376] [mem 0xc0000000-0xdfffffff] available for PCI devices
[    0.012377] Booting paravirtualized kernel on KVM
[    0.012380] clocksource: refined-jiffies: mask: 0xffffffff max_cycles: 0xffffffff, max_idle_ns: 7645519600211568 ns
[    0.015675] setup_percpu: NR_CPUS:8192 nr_cpumask_bits:96 nr_cpu_ids:96 nr_node_ids:4
[    0.017967] percpu: Embedded 62 pages/cpu s217088 r8192 d28672 u262144
[    0.017975] pcpu-alloc: s217088 r8192 d28672 u262144 alloc=1*2097152
[    0.017977] pcpu-alloc: [0] 00 01 02 03 04 05 06 07 [0] 08 09 10 11 12 13 14 15 
[    0.017983] pcpu-alloc: [0] 16 17 18 19 20 21 22 23 [1] 24 25 26 27 28 29 30 31 
[    0.017989] pcpu-alloc: [1] 32 33 34 35 36 37 38 39 [1] 40 41 42 43 44 45 46 47 
[    0.017995] pcpu-alloc: [2] 48 49 50 51 52 53 54 55 [2] 56 57 58 59 60 61 62 63 
[    0.018001] pcpu-alloc: [2] 64 65 66 67 68 69 70 71 [3] 72 73 74 75 76 77 78 79 
[    0.018007] pcpu-alloc: [3] 80 81 82 83 84 85 86 87 [3] 88 89 90 91 92 93 94 95 
[    0.018052] kvm-guest: stealtime: cpu 0, msr 1760834080
[    0.018055] kvm-guest: PV spinlocks disabled, no host support
[    0.018069] Built 4 zonelists, mobility grouping on.  Total pages: 97009774
[    0.018070] Policy zone: Normal
[    0.018071] Kernel command line: BOOT_IMAGE=/boot/vmlinuz-5.10.227-219.884.amzn2.x86_64 root=UUID=a8789b5e-031c-4b41-b906-501fd7c0ef8c ro console=tty0 console=ttyS0,115200n8 net.ifnames=0 biosdevname=0 nvme_core.io_timeout=4294967295 rd.emergency=poweroff rd.shell=0 LANG=en_US.UTF-8 KEYTABLE=us psi=1 clocksource=tsc tsc=reliable
[    0.018188] Fallback order for Node 0: 0 1 2 3 
[    0.018189] Fallback order for Node 1: 1 0 3 2 
[    0.018190] Fallback order for Node 2: 2 3 0 1 
[    0.018191] Fallback order for Node 3: 3 2 1 0 
[    0.018711] mem auto-init: stack:off, heap alloc:off, heap free:off
[    0.095145] Memory: 3591608K/394198540K available (12300K kernel code, 9444K rwdata, 8064K rodata, 2464K init, 18744K bss, 6320504K reserved, 0K cma-reserved)
[    0.095938] SLUB: HWalign=64, Order=0-3, MinObjects=0, CPUs=96, Nodes=4
[    0.095994] ftrace: allocating 40163 entries in 157 pages
[    0.115917] ftrace: allocated 157 pages with 5 groups
[    0.116262] rcu: Hierarchical RCU implementation.
[    0.116263] rcu: 	RCU restricting CPUs from NR_CPUS=8192 to nr_cpu_ids=96.
[    0.116265] 	Rude variant of Tasks RCU enabled.
[    0.116266] 	Tracing variant of Tasks RCU enabled.
[    0.116267] rcu: RCU calculated value of scheduler-enlistment delay is 25 jiffies.
[    0.116268] rcu: Adjusting geometry for rcu_fanout_leaf=16, nr_cpu_ids=96
[    0.119707] NR_IRQS: 524544, nr_irqs: 1192, preallocated irqs: 16
[    0.119930] random: crng init done
[    0.201982] Console: colour VGA+ 80x25
[    0.925515] printk: console [tty0] enabled
[    1.158617] printk: console [ttyS0] enabled
[    1.161734] mempolicy: Disabling automatic NUMA balancing. Configure with numa_balancing= or the kernel.numa_balancing sysctl
[    1.168807] ACPI: Core revision 20200925
[    1.171988] clocksource: hpet: mask: 0xffffffff max_cycles: 0xffffffff, max_idle_ns: 30580167144 ns
[    1.178293] APIC: Switch to symmetric I/O mode setup
[    1.182051] x2apic enabled
[    1.184952] Switched APIC routing to physical x2apic.
[    1.189899] ..TIMER: vector=0x30 apic1=0 pin1=0 apic2=-1 pin2=-1
[    1.193746] clocksource: tsc-early: mask: 0xffffffffffffffff max_cycles: 0x2632bd58d3e, max_idle_ns: 440795307842 ns
[    1.200577] Calibrating delay loop (skipped) preset value.. 5300.00 BogoMIPS (lpj=10600000)
[    1.205192] Last level iTLB entries: 4KB 512, 2MB 512, 4MB 256
[    1.208575] Last level dTLB entries: 4KB 2048, 2MB 2048, 4MB 1024, 1GB 0
[    1.212578] Spectre V1 : Mitigation: usercopy/swapgs barriers and __user pointer sanitization
[    1.216576] Spectre V2 : Mitigation: Retpolines
[    1.220574] Spectre V2 : Spectre v2 / SpectreRSB mitigation: Filling RSB on context switch
[    1.224574] Spectre V2 : Spectre v2 / SpectreRSB : Filling RSB on VMEXIT
[    1.228574] Spectre V2 : Enabling Restricted Speculation for firmware calls
[    1.232576] Spectre V2 : mitigation: Enabling conditional Indirect Branch Prediction Barrier
[    1.236576] Speculative Store Bypass: Mitigation: Speculative Store Bypass disabled via prctl and seccomp
[    1.240581] Speculative Return Stack Overflow: IBPB-extending microcode not applied!
[    1.244574] Speculative Return Stack Overflow: WARNING: See https://kernel.org/doc/html/latest/admin-guide/hw-vuln/srso.html for mitigation options.
[    1.244575] Speculative Return Stack Overflow: Mitigation: safe RET, no microcode
[    1.252594] x86/fpu: Supporting XSAVE feature 0x001: 'x87 floating point registers'
[    1.256574] x86/fpu: Supporting XSAVE feature 0x002: 'SSE registers'
[    1.260575] x86/fpu: Supporting XSAVE feature 0x004: 'AVX registers'
[    1.264577] x86/fpu: xstate_offset[2]:  576, xstate_sizes[2]:  256
[    1.268575] x86/fpu: Enabled xstate features 0x7, context size is 832 bytes, using 'standard' format.
[    1.293222] Freeing SMP alternatives memory: 32K
[    1.297482] pid_max: default: 98304 minimum: 768
[    1.300824] LSM: Security Framework initializing
[    1.304056] Yama: becoming mindful.
[    1.304595] SELinux:  Initializing.
[    1.308617] LSM support for eBPF active
[    1.326708] Dentry cache hash table entries: 16777216 (order: 15, 134217728 bytes, vmalloc)
[    1.335405] Inode-cache hash table entries: 8388608 (order: 14, 67108864 bytes, vmalloc)
[    1.336834] Mount-cache hash table entries: 262144 (order: 9, 2097152 bytes, vmalloc)
[    1.340785] Mountpoint-cache hash table entries: 262144 (order: 9, 2097152 bytes, vmalloc)
[    1.454374] smpboot: CPU0: AMD EPYC 7R13 Processor (family: 0x19, model: 0x1, stepping: 0x1)
[    1.456799] Performance Events: Fam17h+ core perfctr, AMD PMU driver.
[    1.460578] ... version:                0
[    1.464575] ... bit width:              48
[    1.468575] ... generic registers:      6
[    1.471568] ... value mask:             0000ffffffffffff
[    1.472575] ... max period:             00007fffffffffff
[    1.476575] ... fixed-purpose events:   0
[    1.480575] ... event mask:             000000000000003f
[    1.484762] rcu: Hierarchical SRCU implementation.
[    1.489743] smp: Bringing up secondary CPUs ...
[    1.492703] x86: Booting SMP configuration:
[    1.495762] .... node  #0, CPUs:        #1
[    1.068661] kvm-clock: cpu 1, msr 3d21601041, secondary cpu clock
[    1.498175] kvm-guest: stealtime: cpu 1, msr 1760874080
[    1.504712]   #2
[    1.068661] kvm-clock: cpu 2, msr 3d21601081, secondary cpu clock
[    1.505826] kvm-guest: stealtime: cpu 2, msr 17608b4080
[    1.512710]   #3
[    1.068661] kvm-clock: cpu 3, msr 3d216010c1, secondary cpu clock
[    1.513674] kvm-guest: stealtime: cpu 3, msr 17608f4080
[    1.520709]   #4
[    1.068661] kvm-clock: cpu 4, msr 3d21601101, secondary cpu clock
[    1.522258] kvm-guest: stealtime: cpu 4, msr 1760934080
[    1.528706]   #5
[    1.068661] kvm-clock: cpu 5, msr 3d21601141, secondary cpu clock
[    1.532993] kvm-guest: stealtime: cpu 5, msr 1760974080
[    1.536715]   #6
[    1.068661] kvm-clock: cpu 6, msr 3d21601181, secondary cpu clock
[    1.541473] kvm-guest: stealtime: cpu 6, msr 17609b4080
[    1.548707]   #7
[    1.068661] kvm-clock: cpu 7, msr 3d216011c1, secondary cpu clock
[    1.549718] kvm-guest: stealtime: cpu 7, msr 17609f4080
[    1.556710]   #8
[    1.068661] kvm-clock: cpu 8, msr 3d21601201, secondary cpu clock
[    1.558399] kvm-guest: stealtime: cpu 8, msr 1760a34080
[    1.564826]   #9
[    1.068661] kvm-clock: cpu 9, msr 3d21601241, secondary cpu clock
[    1.565904] kvm-guest: stealtime: cpu 9, msr 1760a74080
[    1.572832]  #10
[    1.068661] kvm-clock: cpu 10, msr 3d21601281, secondary cpu clock
[    1.576756] kvm-guest: stealtime: cpu 10, msr 1760ab4080
[    1.580851]  #11
[    1.068661] kvm-clock: cpu 11, msr 3d216012c1, secondary cpu clock
[    1.585923] kvm-guest: stealtime: cpu 11, msr 1760af4080
[    1.592832]  #12
[    1.068661] kvm-clock: cpu 12, msr 3d21601301, secondary cpu clock
[    1.594310] kvm-guest: stealtime: cpu 12, msr 1760b34080
[    1.600832]  #13
[    1.068661] kvm-clock: cpu 13, msr 3d21601341, secondary cpu clock
[    1.602507] kvm-guest: stealtime: cpu 13, msr 1760b74080
[    1.608830]  #14
[    1.068661] kvm-clock: cpu 14, msr 3d21601381, secondary cpu clock
[    1.612955] kvm-guest: stealtime: cpu 14, msr 1760bb4080
[    1.664837]  #15
[    1.068661] kvm-clock: cpu 15, msr 3d216013c1, secondary cpu clock
[    1.668894] kvm-guest: stealtime: cpu 15, msr 1760bf4080
[    1.672849]  #16
[    1.068661] kvm-clock: cpu 16, msr 3d21601401, secondary cpu clock
[    1.678270] kvm-guest: stealtime: cpu 16, msr 1760c34080
[    1.684839]  #17
[    1.068661] kvm-clock: cpu 17, msr 3d21601441, secondary cpu clock
[    1.685871] kvm-guest: stealtime: cpu 17, msr 1760c74080
[    1.692834]  #18
[    1.068661] kvm-clock: cpu 18, msr 3d21601481, secondary cpu clock
[    1.694461] kvm-guest: stealtime: cpu 18, msr 1760cb4080
[    1.700839]  #19
[    1.068661] kvm-clock: cpu 19, msr 3d216014c1, secondary cpu clock
[    1.704937] kvm-guest: stealtime: cpu 19, msr 1760cf4080
[    1.708865]  #20
[    1.068661] kvm-clock: cpu 20, msr 3d21601501, secondary cpu clock
[    1.714276] kvm-guest: stealtime: cpu 20, msr 1760d34080
[    1.720836]  #21
[    1.068661] kvm-clock: cpu 21, msr 3d21601541, secondary cpu clock
[    1.721894] kvm-guest: stealtime: cpu 21, msr 1760d74080
[    1.728843]  #22
[    1.068661] kvm-clock: cpu 22, msr 3d21601581, secondary cpu clock
[    1.730536] kvm-guest: stealtime: cpu 22, msr 1760db4080
[    1.736841]  #23
[    1.068661] kvm-clock: cpu 23, msr 3d216015c1, secondary cpu clock
[    1.740952] kvm-guest: stealtime: cpu 23, msr 1760df4080

[    1.750862] .... node  #1, CPUs:   #24
[    1.068661] kvm-clock: cpu 24, msr 3d21601601, secondary cpu clock
[    1.752941] kvm-guest: stealtime: cpu 24, msr 2f60834080
[    1.760727]  #25
[    1.068661] kvm-clock: cpu 25, msr 3d21601641, secondary cpu clock
[    1.761849] kvm-guest: stealtime: cpu 25, msr 2f60874080
[    1.768838]  #26
[    1.068661] kvm-clock: cpu 26, msr 3d21601681, secondary cpu clock
[    1.770323] kvm-guest: stealtime: cpu 26, msr 2f608b4080
[    1.776847]  #27
[    1.068661] kvm-clock: cpu 27, msr 3d216016c1, secondary cpu clock
[    1.778508] kvm-guest: stealtime: cpu 27, msr 2f608f4080
[    1.784838]  #28
[    1.068661] kvm-clock: cpu 28, msr 3d21601701, secondary cpu clock
[    1.789015] kvm-guest: stealtime: cpu 28, msr 2f60934080
[    1.796641]  #29
[    1.068661] kvm-clock: cpu 29, msr 3d21601741, secondary cpu clock
[    1.798282] kvm-guest: stealtime: cpu 29, msr 2f60974080
[    1.804836]  #30
[    1.068661] kvm-clock: cpu 30, msr 3d21601781, secondary cpu clock
[    1.805957] kvm-guest: stealtime: cpu 30, msr 2f609b4080
[    1.812853]  #31
[    1.068661] kvm-clock: cpu 31, msr 3d216017c1, secondary cpu clock
[    1.814522] kvm-guest: stealtime: cpu 31, msr 2f609f4080
[    1.820842]  #32
[    1.068661] kvm-clock: cpu 32, msr 3d21601801, secondary cpu clock
[    1.825673] kvm-guest: stealtime: cpu 32, msr 2f60a34080
[    1.832839]  #33
[    1.068661] kvm-clock: cpu 33, msr 3d21601841, secondary cpu clock
[    1.834289] kvm-guest: stealtime: cpu 33, msr 2f60a74080
[    1.840843]  #34
[    1.068661] kvm-clock: cpu 34, msr 3d21601881, secondary cpu clock
[    1.842384] kvm-guest: stealtime: cpu 34, msr 2f60ab4080
[    1.848848]  #35
[    1.068661] kvm-clock: cpu 35, msr 3d216018c1, secondary cpu clock
[    1.853265] kvm-guest: stealtime: cpu 35, msr 2f60af4080
[    1.860847]  #36
[    1.068661] kvm-clock: cpu 36, msr 3d21601901, secondary cpu clock
[    1.861929] kvm-guest: stealtime: cpu 36, msr 2f60b34080
[    1.868846]  #37
[    1.068661] kvm-clock: cpu 37, msr 3d21601941, secondary cpu clock
[    1.870341] kvm-guest: stealtime: cpu 37, msr 2f60b74080
[    1.876851]  #38
[    1.068661] kvm-clock: cpu 38, msr 3d21601981, secondary cpu clock
[    1.878547] kvm-guest: stealtime: cpu 38, msr 2f60bb4080
[    1.884846]  #39
[    1.068661] kvm-clock: cpu 39, msr 3d216019c1, secondary cpu clock
[    1.889018] kvm-guest: stealtime: cpu 39, msr 2f60bf4080
[    1.896644]  #40
[    1.068661] kvm-clock: cpu 40, msr 3d21601a01, secondary cpu clock
[    1.898407] kvm-guest: stealtime: cpu 40, msr 2f60c34080
[    1.904844]  #41
[    1.068661] kvm-clock: cpu 41, msr 3d21601a41, secondary cpu clock
[    1.905871] kvm-guest: stealtime: cpu 41, msr 2f60c74080
[    1.912844]  #42
[    1.068661] kvm-clock: cpu 42, msr 3d21601a81, secondary cpu clock
[    1.913944] kvm-guest: stealtime: cpu 42, msr 2f60cb4080
[    1.920846]  #43
[    1.068661] kvm-clock: cpu 43, msr 3d21601ac1, secondary cpu clock
[    1.924961] kvm-guest: stealtime: cpu 43, msr 2f60cf4080
[    1.928865]  #44
[    1.068661] kvm-clock: cpu 44, msr 3d21601b01, secondary cpu clock
[    1.933675] kvm-guest: stealtime: cpu 44, msr 2f60d34080
[    1.940846]  #45
[    1.068661] kvm-clock: cpu 45, msr 3d21601b41, secondary cpu clock
[    1.941842] kvm-guest: stealtime: cpu 45, msr 2f60d74080
[    1.948844]  #46
[    1.068661] kvm-clock: cpu 46, msr 3d21601b81, secondary cpu clock
[    1.949895] kvm-guest: stealtime: cpu 46, msr 2f60db4080
[    1.956845]  #47
[    1.068661] kvm-clock: cpu 47, msr 3d21601bc1, secondary cpu clock
[    1.958488] kvm-guest: stealtime: cpu 47, msr 2f60df4080

[    1.968578] .... node  #2, CPUs:   #48
[    1.068661] kvm-clock: cpu 48, msr 3d21601c01, secondary cpu clock
[    1.973074] kvm-guest: stealtime: cpu 48, msr 4760834080
[    1.980869]  #49
[    1.068661] kvm-clock: cpu 49, msr 3d21601c41, secondary cpu clock
[    1.981966] kvm-guest: stealtime: cpu 49, msr 4760874080
[    1.988872]  #50
[    1.068661] kvm-clock: cpu 50, msr 3d21601c81, secondary cpu clock
[    1.989979] kvm-guest: stealtime: cpu 50, msr 47608b4080
[    1.996854]  #51
[    1.068661] kvm-clock: cpu 51, msr 3d21601cc1, secondary cpu clock
[    1.998673] kvm-guest: stealtime: cpu 51, msr 47608f4080
[    2.004855]  #52
[    1.068661] kvm-clock: cpu 52, msr 3d21601d01, secondary cpu clock
[    2.008878] kvm-guest: stealtime: cpu 52, msr 4760934080
[    2.012872]  #53
[    1.068661] kvm-clock: cpu 53, msr 3d21601d41, secondary cpu clock
[    2.018243] kvm-guest: stealtime: cpu 53, msr 4760974080
[    2.024910]  #54
[    1.068661] kvm-clock: cpu 54, msr 3d21601d81, secondary cpu clock
[    2.025998] kvm-guest: stealtime: cpu 54, msr 47609b4080
[    2.032869]  #55
[    1.068661] kvm-clock: cpu 55, msr 3d21601dc1, secondary cpu clock
[    2.034028] kvm-guest: stealtime: cpu 55, msr 47609f4080
[    2.040865]  #56
[    1.068661] kvm-clock: cpu 56, msr 3d21601e01, secondary cpu clock
[    2.045774] kvm-guest: stealtime: cpu 56, msr 4760a34080
[    2.052855]  #57
[    1.068661] kvm-clock: cpu 57, msr 3d21601e41, secondary cpu clock
[    2.054622] kvm-guest: stealtime: cpu 57, msr 4760a74080
[    2.060855]  #58
[    1.068661] kvm-clock: cpu 58, msr 3d21601e81, secondary cpu clock
[    2.061951] kvm-guest: stealtime: cpu 58, msr 4760ab4080
[    2.068879]  #59
[    1.068661] kvm-clock: cpu 59, msr 3d21601ec1, secondary cpu clock
[    2.072774] kvm-guest: stealtime: cpu 59, msr 4760af4080
[    2.076880]  #60
[    1.068661] kvm-clock: cpu 60, msr 3d21601f01, secondary cpu clock
[    2.082206] kvm-guest: stealtime: cpu 60, msr 4760b34080
[    2.088866]  #61
[    1.068661] kvm-clock: cpu 61, msr 3d21601f41, secondary cpu clock
[    2.089981] kvm-guest: stealtime: cpu 61, msr 4760b74080
[    2.096865]  #62
[    1.068661] kvm-clock: cpu 62, msr 3d21601f81, secondary cpu clock
[    2.098017] kvm-guest: stealtime: cpu 62, msr 4760bb4080
[    2.104856]  #63
[    1.068661] kvm-clock: cpu 63, msr 3d21601fc1, secondary cpu clock
[    2.109232] kvm-guest: stealtime: cpu 63, msr 4760bf4080
[    2.116871]  #64
[    1.068661] kvm-clock: cpu 64, msr 3043132001, secondary cpu clock
[    2.119029] kvm-guest: stealtime: cpu 64, msr 4760c34080
[    2.124862]  #65
[    1.068661] kvm-clock: cpu 65, msr 3043132041, secondary cpu clock
[    2.125970] kvm-guest: stealtime: cpu 65, msr 4760c74080
[    2.132859]  #66
[    1.068661] kvm-clock: cpu 66, msr 3043132081, secondary cpu clock
[    2.137323] kvm-guest: stealtime: cpu 66, msr 4760cb4080
[    2.144870]  #67
[    1.068661] kvm-clock: cpu 67, msr 30431320c1, secondary cpu clock
[    2.145946] kvm-guest: stealtime: cpu 67, msr 4760cf4080
[    2.152886]  #68
[    1.068661] kvm-clock: cpu 68, msr 3043132101, secondary cpu clock
[    2.154010] kvm-guest: stealtime: cpu 68, msr 4760d34080
[    2.160854]  #69
[    1.068661] kvm-clock: cpu 69, msr 3043132141, secondary cpu clock
[    2.162649] kvm-guest: stealtime: cpu 69, msr 4760d74080
[    2.168867]  #70
[    1.068661] kvm-clock: cpu 70, msr 3043132181, secondary cpu clock
[    2.173025] kvm-guest: stealtime: cpu 70, msr 4760db4080
[    2.180736]  #71
[    1.068661] kvm-clock: cpu 71, msr 30431321c1, secondary cpu clock
[    2.181852] kvm-guest: stealtime: cpu 71, msr 4760df4080

[    2.191345] .... node  #3, CPUs:   #72
[    1.068661] kvm-clock: cpu 72, msr 3043132201, secondary cpu clock
[    2.194591] kvm-guest: stealtime: cpu 72, msr 5f60834080
[    2.200869]  #73
[    1.068661] kvm-clock: cpu 73, msr 3043132241, secondary cpu clock
[    2.202681] kvm-guest: stealtime: cpu 73, msr 5f60874080
[    2.208879]  #74
[    1.068661] kvm-clock: cpu 74, msr 3043132281, secondary cpu clock
[    2.212941] kvm-guest: stealtime: cpu 74, msr 5f608b4080
[    2.220599]  #75
[    1.068661] kvm-clock: cpu 75, msr 30431322c1, secondary cpu clock
[    2.221750] kvm-guest: stealtime: cpu 75, msr 5f608f4080
[    2.228867]  #76
[    1.068661] kvm-clock: cpu 76, msr 3043132301, secondary cpu clock
[    2.230653] kvm-guest: stealtime: cpu 76, msr 5f60934080
[    2.236904]  #77
[    1.068661] kvm-clock: cpu 77, msr 3043132341, secondary cpu clock
[    2.237985] kvm-guest: stealtime: cpu 77, msr 5f60974080
[    2.244868]  #78
[    1.068661] kvm-clock: cpu 78, msr 3043132381, secondary cpu clock
[    2.248868] kvm-guest: stealtime: cpu 78, msr 5f609b4080
[    2.256599]  #79
[    1.068661] kvm-clock: cpu 79, msr 30431323c1, secondary cpu clock
[    2.257746] kvm-guest: stealtime: cpu 79, msr 5f609f4080
[    2.264881]  #80
[    1.068661] kvm-clock: cpu 80, msr 3043132401, secondary cpu clock
[    2.267289] kvm-guest: stealtime: cpu 80, msr 5f60a34080
[    2.272884]  #81
[    1.068661] kvm-clock: cpu 81, msr 3043132441, secondary cpu clock
[    2.276794] kvm-guest: stealtime: cpu 81, msr 5f60a74080
[    2.280887]  #82
[    1.068661] kvm-clock: cpu 82, msr 3043132481, secondary cpu clock
[    2.286225] kvm-guest: stealtime: cpu 82, msr 5f60ab4080
[    2.292865]  #83
[    1.068661] kvm-clock: cpu 83, msr 30431324c1, secondary cpu clock
[    2.293961] kvm-guest: stealtime: cpu 83, msr 5f60af4080
[    2.300872]  #84
[    1.068661] kvm-clock: cpu 84, msr 3043132501, secondary cpu clock
[    2.302001] kvm-guest: stealtime: cpu 84, msr 5f60b34080
[    2.308871]  #85
[    1.068661] kvm-clock: cpu 85, msr 3043132541, secondary cpu clock
[    2.313226] kvm-guest: stealtime: cpu 85, msr 5f60b74080
[    2.320886]  #86
[    1.068661] kvm-clock: cpu 86, msr 3043132581, secondary cpu clock
[    2.321987] kvm-guest: stealtime: cpu 86, msr 5f60bb4080
[    2.328888]  #87
[    1.068661] kvm-clock: cpu 87, msr 30431325c1, secondary cpu clock
[    2.330015] kvm-guest: stealtime: cpu 87, msr 5f60bf4080
[    2.336866]  #88
[    1.068661] kvm-clock: cpu 88, msr 3043132601, secondary cpu clock
[    2.340885] kvm-guest: stealtime: cpu 88, msr 5f60c34080
[    2.348632]  #89
[    1.068661] kvm-clock: cpu 89, msr 3043132641, secondary cpu clock
[    2.349784] kvm-guest: stealtime: cpu 89, msr 5f60c74080
[    2.356865]  #90
[    1.068661] kvm-clock: cpu 90, msr 3043132681, secondary cpu clock
[    2.358649] kvm-guest: stealtime: cpu 90, msr 5f60cb4080
[    2.364878]  #91
[    1.068661] kvm-clock: cpu 91, msr 30431326c1, secondary cpu clock
[    2.365996] kvm-guest: stealtime: cpu 91, msr 5f60cf4080
[    2.372891]  #92
[    1.068661] kvm-clock: cpu 92, msr 3043132701, secondary cpu clock
[    2.376807] kvm-guest: stealtime: cpu 92, msr 5f60d34080
[    2.380899]  #93
[    1.068661] kvm-clock: cpu 93, msr 3043132741, secondary cpu clock
[    2.386218] kvm-guest: stealtime: cpu 93, msr 5f60d74080
[    2.392923]  #94
[    1.068661] kvm-clock: cpu 94, msr 3043132781, secondary cpu clock
[    2.394002] kvm-guest: stealtime: cpu 94, msr 5f60db4080
[    2.400892]  #95
[    1.068661] kvm-clock: cpu 95, msr 30431327c1, secondary cpu clock
[    2.402147] kvm-guest: stealtime: cpu 95, msr 5f60df4080
[    2.409008] smp: Brought up 4 nodes, 96 CPUs
[    2.412577] smpboot: Max logical packages: 2
[    2.416582] smpboot: Total of 96 processors activated (508800.00 BogoMIPS)
[    2.513095] node 0 deferred pages initialised in 84ms
[    2.515485] node 1 deferred pages initialised in 84ms
[    2.517012] node 3 deferred pages initialised in 84ms
[    2.518533] node 2 deferred pages initialised in 84ms
[    2.540681] devtmpfs: initialized
[    2.540705] x86/mm: Memory block size: 128MB
[    2.578030] clocksource: jiffies: mask: 0xffffffff max_cycles: 0xffffffff, max_idle_ns: 7645041785100000 ns
[    2.584685] futex hash table entries: 32768 (order: 9, 2097152 bytes, vmalloc)
[    2.589570] NET: Registered protocol family 16
[    2.640757] DMA: preallocated 4096 KiB GFP_KERNEL pool for atomic allocations
[    2.644583] DMA: preallocated 4096 KiB GFP_KERNEL|GFP_DMA pool for atomic allocations
[    2.652582] DMA: preallocated 4096 KiB GFP_KERNEL|GFP_DMA32 pool for atomic allocations
[    2.656586] audit: initializing netlink subsys (disabled)
[    2.660635] audit: type=2000 audit(1731166645.392:1): state=initialized audit_enabled=0 res=1
[    2.660764] thermal_sys: Registered thermal governor 'fair_share'
[    2.668578] thermal_sys: Registered thermal governor 'step_wise'
[    2.672324] thermal_sys: Registered thermal governor 'user_space'
[    2.676643] cpuidle: using governor ladder
[    2.680630] cpuidle: using governor menu
[    2.689347] ACPI: bus type PCI registered
[    2.692579] acpiphp: ACPI Hot Plug PCI Controller Driver version: 0.5
[    2.696858] PCI: Using configuration type 1 for base access
[    2.700576] PCI: Using configuration type 1 for extended access
[    2.718410] Kprobes globally optimized
[    2.720672] HugeTLB registered 1.00 GiB page size, pre-allocated 0 pages
[    2.724577] HugeTLB registered 2.00 MiB page size, pre-allocated 0 pages
[    2.836764] ACPI: Added _OSI(Module Device)
[    2.840577] ACPI: Added _OSI(Processor Device)
[    2.843724] ACPI: Added _OSI(3.0 _SCP Extensions)
[    2.848576] ACPI: Added _OSI(Processor Aggregator Device)
[    2.852576] ACPI: Added _OSI(Linux-Dell-Video)
[    2.852576] ACPI: Added _OSI(Linux-Lenovo-NV-HDMI-Audio)
[    2.856576] ACPI: Added _OSI(Linux-HPI-Hybrid-Graphics)
[    2.864982] ACPI: 3 ACPI AML tables successfully acquired and loaded
[    2.876654] ACPI: Interpreter enabled
[    2.879560] ACPI: (supports S0 S4 S5)
[    2.880577] ACPI: Using IOAPIC for interrupt routing
[    2.884597] PCI: Using host bridge windows from ACPI; if necessary, use "pci=nocrs" and report a bug
[    2.892804] ACPI: Enabled 2 GPEs in block 00 to 0F
[    2.905721] ACPI: PCI Root Bridge [PCI0] (domain 0000 [bus 00-ff])
[    2.908583] acpi PNP0A03:00: _OSC: OS supports [ExtendedConfig ASPM ClockPM Segments MSI HPX-Type3]
[    2.916926] acpiphp: Slot [3] registered
[    2.920606] acpiphp: Slot [4] registered
[    2.920606] acpiphp: Slot [5] registered
[    2.924597] acpiphp: Slot [6] registered
[    2.927605] acpiphp: Slot [7] registered
[    2.932597] acpiphp: Slot [8] registered
[    2.932600] acpiphp: Slot [9] registered
[    2.936596] acpiphp: Slot [10] registered
[    2.939611] acpiphp: Slot [11] registered
[    2.944601] acpiphp: Slot [12] registered
[    2.944604] acpiphp: Slot [13] registered
[    2.948596] acpiphp: Slot [14] registered
[    2.951582] acpiphp: Slot [15] registered
[    2.956597] acpiphp: Slot [16] registered
[    2.956606] acpiphp: Slot [17] registered
[    2.960598] acpiphp: Slot [18] registered
[    2.963614] acpiphp: Slot [19] registered
[    2.968596] acpiphp: Slot [20] registered
[    2.968600] acpiphp: Slot [21] registered
[    2.972596] acpiphp: Slot [22] registered
[    2.975608] acpiphp: Slot [23] registered
[    2.980600] acpiphp: Slot [24] registered
[    2.980605] acpiphp: Slot [25] registered
[    2.984595] acpiphp: Slot [26] registered
[    2.987618] acpiphp: Slot [27] registered
[    2.992596] acpiphp: Slot [28] registered
[    2.992600] acpiphp: Slot [29] registered
[    2.996597] acpiphp: Slot [30] registered
[    2.999597] acpiphp: Slot [31] registered
[    3.004586] PCI host bridge to bus 0000:00
[    3.008605] pci_bus 0000:00: Unknown NUMA node; performance will be reduced
[    3.012577] pci_bus 0000:00: root bus resource [io  0x0000-0x0cf7 window]
[    3.016576] pci_bus 0000:00: root bus resource [io  0x0d00-0xffff window]
[    3.020576] pci_bus 0000:00: root bus resource [mem 0x000a0000-0x000bffff window]
[    3.024576] pci_bus 0000:00: root bus resource [mem 0xc0000000-0xfebfffff window]
[    3.028576] pci_bus 0000:00: root bus resource [mem 0x6040000000-0x20603fffffff window]
[    3.036576] pci_bus 0000:00: root bus resource [bus 00-ff]
[    3.040714] pci 0000:00:00.0: [8086:1237] type 00 class 0x060000
[    3.045008] pci 0000:00:01.0: [8086:7000] type 00 class 0x060100
[    3.048702] pci 0000:00:01.3: [8086:7113] type 00 class 0x000000
[    3.053229] pci 0000:00:01.3: quirk: [io  0xb000-0xb03f] claimed by PIIX4 ACPI
[    3.060591] pci 0000:00:01.3: quirk: [io  0xb100-0xb10f] claimed by PIIX4 SMB
[    3.064633] pci 0000:00:01.3: PIIX4 devres E PIO at fff0-ffff
[    3.068593] pci 0000:00:01.3: PIIX4 devres F MMIO at ffc00000-ffffffff
[    3.072590] pci 0000:00:01.3: PIIX4 devres G PIO at fff0-ffff
[    3.072590] pci 0000:00:01.3: PIIX4 devres H MMIO at ffc00000-ffffffff
[    3.076591] pci 0000:00:01.3: PIIX4 devres I PIO at fff0-ffff
[    3.080590] pci 0000:00:01.3: PIIX4 devres J PIO at fff0-ffff
[    3.084584] pci 0000:00:01.3: quirk_piix4_acpi+0x0/0x170 took 31250 usecs
[    3.088903] pci 0000:00:03.0: [1d0f:1111] type 00 class 0x030000
[    3.096575] pci 0000:00:03.0: reg 0x10: [mem 0xf8000000-0xf83fffff pref]
[    3.108578] pci 0000:00:03.0: reg 0x30: [mem 0xfe800000-0xfe80ffff pref]
[    3.113145] pci 0000:00:04.0: [1d0f:8061] type 00 class 0x010802
[    3.124952] pci 0000:00:04.0: reg 0x10: [mem 0xfe810000-0xfe813fff]
[    3.156947] pci 0000:00:04.0: enabling Extended Tags
[    3.161320] pci 0000:00:05.0: [1d0f:ec20] type 00 class 0x020000
[    3.180579] pci 0000:00:05.0: reg 0x10: [mem 0xfe814000-0xfe815fff]
[    3.193611] pci 0000:00:05.0: reg 0x14: [mem 0xfe816000-0xfe817fff]
[    3.210115] pci 0000:00:05.0: reg 0x18: [mem 0xf8400000-0xf84fffff pref]
[    3.253071] pci 0000:00:05.0: enabling Extended Tags
[    3.260576] pci 0000:00:1f.0: [1d0f:efa1] type 00 class 0x020000
[    3.277345] pci 0000:00:1f.0: reg 0x10: [mem 0xfe818000-0xfe819fff]
[    3.297728] pci 0000:00:1f.0: reg 0x14: [mem 0xfe81a000-0xfe81bfff]
[    3.316577] pci 0000:00:1f.0: reg 0x18: [mem 0xf0000000-0xf7ffffff 64bit pref]
[    3.337290] pci 0000:00:1f.0: reg 0x20: [mem 0xfe000000-0xfe7fffff 64bit]
[    3.360613] pci 0000:00:1f.0: enabling Extended Tags
[    3.365533] ACPI: PCI Interrupt Link [LNKA] (IRQs 5 *10 11)
[    3.368690] ACPI: PCI Interrupt Link [LNKB] (IRQs 5 *10 11)
[    3.372687] ACPI: PCI Interrupt Link [LNKC] (IRQs 5 10 *11)
[    3.376683] ACPI: PCI Interrupt Link [LNKD] (IRQs 5 10 *11)
[    3.380576] ACPI: PCI Interrupt Link [LNKS] (IRQs *9)
[    3.396695] iommu: Default domain type: Translated 
[    3.400732] pci 0000:00:03.0: vgaarb: setting as boot VGA device
[    3.404573] pci 0000:00:03.0: vgaarb: VGA device added: decodes=io+mem,owns=io+mem,locks=none
[    3.408587] pci 0000:00:03.0: vgaarb: bridge control possible
[    3.412576] vgaarb: loaded
[    3.416645] EDAC MC: Ver: 3.0.0
[    3.420956] NetLabel: Initializing
[    3.424577] NetLabel:  domain hash size = 128
[    3.424577] NetLabel:  protocols = UNLABELED CIPSOv4 CALIPSO
[    3.428595] NetLabel:  unlabeled traffic allowed by default
[    3.432576] PCI: Using ACPI for IRQ routing
[    3.435649] PCI: pci_cache_line_size set to 64 bytes
[    3.435799] e820: reserve RAM buffer [mem 0x0009fc00-0x0009ffff]
[    3.435801] e820: reserve RAM buffer [mem 0xbffe5000-0xbfffffff]
[    3.435803] e820: reserve RAM buffer [mem 0x17bf000000-0x17bfffffff]
[    3.435804] e820: reserve RAM buffer [mem 0x2fbf000000-0x2fbfffffff]
[    3.435805] e820: reserve RAM buffer [mem 0x47bf000000-0x47bfffffff]
[    3.435806] e820: reserve RAM buffer [mem 0x5fbf000000-0x5fbfffffff]
[    3.436867] hpet0: at MMIO 0xfed00000, IRQs 2, 8, 0, 0, 0, 0, 0, 0
[    3.440578] hpet0: 8 comparators, 32-bit 62.500000 MHz counter
[    3.449076] clocksource: Switched to clocksource kvm-clock
[    3.476431] VFS: Disk quotas dquot_6.6.0
[    3.479484] VFS: Dquot-cache hash table entries: 512 (order 0, 4096 bytes)
[    3.483657] pnp: PnP ACPI init
[    3.486436] pnp 00:00: Plug and Play ACPI device, IDs PNP0b00 (active)
[    3.486483] pnp 00:01: Plug and Play ACPI device, IDs PNP0303 (active)
[    3.486511] pnp 00:02: Plug and Play ACPI device, IDs PNP0f13 (active)
[    3.486576] pnp 00:03: Plug and Play ACPI device, IDs PNP0400 (active)
[    3.486635] pnp 00:04: Plug and Play ACPI device, IDs PNP0501 (active)
[    3.486919] pnp: PnP ACPI: found 5 devices
[    3.497281] clocksource: acpi_pm: mask: 0xffffff max_cycles: 0xffffff, max_idle_ns: 2085701024 ns
[    3.503554] NET: Registered protocol family 2
[    3.506985] IP idents hash table entries: 262144 (order: 9, 2097152 bytes, vmalloc)
[    3.514047] tcp_listen_portaddr_hash hash table entries: 65536 (order: 8, 1048576 bytes, vmalloc)
[    3.520710] TCP established hash table entries: 524288 (order: 10, 4194304 bytes, vmalloc)
[    3.527191] TCP bind hash table entries: 65536 (order: 8, 1048576 bytes, vmalloc)
[    3.532920] TCP: Hash tables configured (established 524288 bind 65536)
[    3.537204] MPTCP token hash table entries: 65536 (order: 8, 1572864 bytes, vmalloc)
[    3.543111] UDP hash table entries: 65536 (order: 9, 2097152 bytes, vmalloc)
[    3.547466] UDP-Lite hash table entries: 65536 (order: 9, 2097152 bytes, vmalloc)
[    3.553487] NET: Registered protocol family 1
[    3.556606] NET: Registered protocol family 44
[    3.559789] pci_bus 0000:00: resource 4 [io  0x0000-0x0cf7 window]
[    3.563564] pci_bus 0000:00: resource 5 [io  0x0d00-0xffff window]
[    3.567350] pci_bus 0000:00: resource 6 [mem 0x000a0000-0x000bffff window]
[    3.571383] pci_bus 0000:00: resource 7 [mem 0xc0000000-0xfebfffff window]
[    3.575397] pci_bus 0000:00: resource 8 [mem 0x6040000000-0x20603fffffff window]
[    3.581082] pci 0000:00:00.0: Limiting direct PCI/PCI transfers
[    3.584776] pci 0000:00:01.0: Activating ISA DMA hang workarounds
[    3.588593] pci 0000:00:03.0: Video device with shadowed ROM at [mem 0x000c0000-0x000dffff]
[    3.594657] PCI: CLS 0 bytes, default 64
[    3.597712] Trying to unpack rootfs image as initramfs...
[    3.620613] Freeing initrd memory: 12028K
[    3.623658] PCI-DMA: Using software bounce buffering for IO (SWIOTLB)
[    3.627521] software IO TLB: mapped [mem 0x00000000bbfe5000-0x00000000bffe5000] (64MB)
[    3.641456] clocksource: tsc: mask: 0xffffffffffffffff max_cycles: 0x2632bd58d3e, max_idle_ns: 440795307842 ns
[    3.648455] clocksource: Switched to clocksource tsc
[    3.678639] check: Scanning for low memory corruption every 60 seconds
[    3.689807] Initialise system trusted keyrings
[    3.693013] Key type blacklist registered
[    3.696415] workingset: timestamp_bits=36 max_order=27 bucket_order=0
[    3.701984] zbud: loaded
[    3.704764] SGI XFS with ACLs, security attributes, quota, no debug enabled
[    3.711731] Key type asymmetric registered
[    3.714825] Asymmetric key parser 'x509' registered
[    3.718160] Block layer SCSI generic (bsg) driver version 0.4 loaded (major 251)
[    3.771791] io scheduler mq-deadline registered
[    3.774995] io scheduler kyber registered
[    3.778067] io scheduler bfq registered
[    3.785465] shpchp: Standard Hot Plug PCI Controller Driver version: 0.4
[    3.789569] Monitor-Mwait will be used to enter C-1 state
[    3.789594] ACPI: \_SB_.CP00: Found 2 idle states
[    3.793041] ACPI: \_SB_.CP01: Found 2 idle states
[    3.796455] ACPI: \_SB_.CP02: Found 2 idle states
[    3.799879] ACPI: \_SB_.CP03: Found 2 idle states
[    3.803310] ACPI: \_SB_.CP04: Found 2 idle states
[    3.806739] ACPI: \_SB_.CP05: Found 2 idle states
[    3.810144] ACPI: \_SB_.CP06: Found 2 idle states
[    3.813555] ACPI: \_SB_.CP07: Found 2 idle states
[    3.816985] ACPI: \_SB_.CP08: Found 2 idle states
[    3.820428] ACPI: \_SB_.CP09: Found 2 idle states
[    3.823889] ACPI: \_SB_.CP0A: Found 2 idle states
[    3.827333] ACPI: \_SB_.CP0B: Found 2 idle states
[    3.830766] ACPI: \_SB_.CP0C: Found 2 idle states
[    3.834206] ACPI: \_SB_.CP0D: Found 2 idle states
[    3.837655] ACPI: \_SB_.CP0E: Found 2 idle states
[    3.841050] ACPI: \_SB_.CP0F: Found 2 idle states
[    3.844444] ACPI: \_SB_.CP10: Found 2 idle states
[    3.847863] ACPI: \_SB_.CP11: Found 2 idle states
[    3.851321] ACPI: \_SB_.CP12: Found 2 idle states
[    3.854732] ACPI: \_SB_.CP13: Found 2 idle states
[    3.858128] ACPI: \_SB_.CP14: Found 2 idle states
[    3.861533] ACPI: \_SB_.CP15: Found 2 idle states
[    3.864963] ACPI: \_SB_.CP16: Found 2 idle states
[    3.868370] ACPI: \_SB_.CP17: Found 2 idle states
[    3.871781] ACPI: \_SB_.CP18: Found 2 idle states
[    3.875188] ACPI: \_SB_.CP19: Found 2 idle states
[    3.878609] ACPI: \_SB_.CP1A: Found 2 idle states
[    3.882007] ACPI: \_SB_.CP1B: Found 2 idle states
[    3.885438] ACPI: \_SB_.CP1C: Found 2 idle states
[    3.888867] ACPI: \_SB_.CP1D: Found 2 idle states
[    3.892282] ACPI: \_SB_.CP1E: Found 2 idle states
[    3.895674] ACPI: \_SB_.CP1F: Found 2 idle states
[    3.899120] ACPI: \_SB_.CP20: Found 2 idle states
[    3.902579] ACPI: \_SB_.CP21: Found 2 idle states
[    3.905990] ACPI: \_SB_.CP22: Found 2 idle states
[    3.909430] ACPI: \_SB_.CP23: Found 2 idle states
[    3.913007] ACPI: \_SB_.CP24: Found 2 idle states
[    3.916420] ACPI: \_SB_.CP25: Found 2 idle states
[    3.919842] ACPI: \_SB_.CP26: Found 2 idle states
[    3.923280] ACPI: \_SB_.CP27: Found 2 idle states
[    3.926710] ACPI: \_SB_.CP28: Found 2 idle states
[    3.930156] ACPI: \_SB_.CP29: Found 2 idle states
[    3.933583] ACPI: \_SB_.CP2A: Found 2 idle states
[    3.937002] ACPI: \_SB_.CP2B: Found 2 idle states
[    3.940418] ACPI: \_SB_.CP2C: Found 2 idle states
[    3.943854] ACPI: \_SB_.CP2D: Found 2 idle states
[    3.947273] ACPI: \_SB_.CP2E: Found 2 idle states
[    3.950701] ACPI: \_SB_.CP2F: Found 2 idle states
[    3.954131] ACPI: \_SB_.CP30: Found 2 idle states
[    3.957554] ACPI: \_SB_.CP31: Found 2 idle states
[    3.960960] ACPI: \_SB_.CP32: Found 2 idle states
[    3.964348] ACPI: \_SB_.CP33: Found 2 idle states
[    3.967739] ACPI: \_SB_.CP34: Found 2 idle states
[    3.971147] ACPI: \_SB_.CP35: Found 2 idle states
[    3.974559] ACPI: \_SB_.CP36: Found 2 idle states
[    3.977969] ACPI: \_SB_.CP37: Found 2 idle states
[    3.981365] ACPI: \_SB_.CP38: Found 2 idle states
[    3.984767] ACPI: \_SB_.CP39: Found 2 idle states
[    3.988363] ACPI: \_SB_.CP3A: Found 2 idle states
[    3.991793] ACPI: \_SB_.CP3B: Found 2 idle states
[    3.995199] ACPI: \_SB_.CP3C: Found 2 idle states
[    3.998602] ACPI: \_SB_.CP3D: Found 2 idle states
[    4.002004] ACPI: \_SB_.CP3E: Found 2 idle states
[    4.005392] ACPI: \_SB_.CP3F: Found 2 idle states
[    4.008807] ACPI: \_SB_.CP40: Found 2 idle states
[    4.012177] ACPI: \_SB_.CP41: Found 2 idle states
[    4.015604] ACPI: \_SB_.CP42: Found 2 idle states
[    4.019020] ACPI: \_SB_.CP43: Found 2 idle states
[    4.022410] ACPI: \_SB_.CP44: Found 2 idle states
[    4.025811] ACPI: \_SB_.CP45: Found 2 idle states
[    4.029201] ACPI: \_SB_.CP46: Found 2 idle states
[    4.032609] ACPI: \_SB_.CP47: Found 2 idle states
[    4.036027] ACPI: \_SB_.CP48: Found 2 idle states
[    4.039442] ACPI: \_SB_.CP49: Found 2 idle states
[    4.042844] ACPI: \_SB_.CP4A: Found 2 idle states
[    4.046244] ACPI: \_SB_.CP4B: Found 2 idle states
[    4.049638] ACPI: \_SB_.CP4C: Found 2 idle states
[    4.053019] ACPI: \_SB_.CP4D: Found 2 idle states
[    4.056419] ACPI: \_SB_.CP4E: Found 2 idle states
[    4.059808] ACPI: \_SB_.CP4F: Found 2 idle states
[    4.063191] ACPI: \_SB_.CP50: Found 2 idle states
[    4.066548] ACPI: \_SB_.CP51: Found 2 idle states
[    4.069925] ACPI: \_SB_.CP52: Found 2 idle states
[    4.073298] ACPI: \_SB_.CP53: Found 2 idle states
[    4.076679] ACPI: \_SB_.CP54: Found 2 idle states
[    4.080038] ACPI: \_SB_.CP55: Found 2 idle states
[    4.083422] ACPI: \_SB_.CP56: Found 2 idle states
[    4.086786] ACPI: \_SB_.CP57: Found 2 idle states
[    4.090180] ACPI: \_SB_.CP58: Found 2 idle states
[    4.093566] ACPI: \_SB_.CP59: Found 2 idle states
[    4.096939] ACPI: \_SB_.CP5A: Found 2 idle states
[    4.100304] ACPI: \_SB_.CP5B: Found 2 idle states
[    4.103702] ACPI: \_SB_.CP5C: Found 2 idle states
[    4.107114] ACPI: \_SB_.CP5D: Found 2 idle states
[    4.110514] ACPI: \_SB_.CP5E: Found 2 idle states
[    4.113918] ACPI: \_SB_.CP5F: Found 2 idle states
[    4.117370] Serial: 8250/16550 driver, 4 ports, IRQ sharing disabled
[    4.121408] 00:04: ttyS0 at I/O 0x3f8 (irq = 4, base_baud = 115200) is a 16550A
[    4.145097] nvme nvme0: pci function 0000:00:04.0
[    4.148414] i8042: PNP: PS/2 Controller [PNP0303:KBD,PNP0f13:MOU] at 0x60,0x64 irq 1,12
[    4.148979] PCI Interrupt Link [LNKD] enabled at IRQ 11
[    4.154446] i8042: Warning: Keylock active
[    4.161932] serio: i8042 KBD port at 0x60,0x64 irq 1
[    4.164957] nvme nvme0: 2/0/0 default/read/poll queues
[    4.165320] serio: i8042 AUX port at 0x60,0x64 irq 12
[    4.172173] rtc_cmos 00:00: RTC can wake from S4
[    4.176501] rtc_cmos 00:00: registered as rtc0
[    4.180199] rtc_cmos 00:00: setting system clock to 2024-11-09T15:37:27 UTC (1731166647)
[    4.180622] GPT:Primary header thinks Alt. header is not at the end of the disk.
[    4.186168] rtc_cmos 00:00: alarms up to one day, 114 bytes nvram
[    4.191797] GPT:8388607 != 314572799
[    4.195597] hid: raw HID events driver (C) Jiri Kosina
[    4.198443] GPT:Alternate GPT header not at the end of the disk.
[    4.198444] GPT:8388607 != 314572799
[    4.198445] GPT: Use GNU Parted to correct GPT errors.
[    4.198450]  nvme0n1: p1 p128
[    4.202180] NET: Registered protocol family 10
[    4.224202] Segment Routing with IPv6
[    4.227202] NET: Registered protocol family 17
[    4.246004] IPI shorthand broadcast: enabled
[    4.249319] sched_clock: Marking stable (3184618167, 1064661571)->(4300577059, -51297321)
[    4.255793] registered taskstats version 1
[    4.258881] Loading compiled-in X.509 certificates
[    4.264299] Loaded X.509 cert 'Build time autogenerated kernel key: 007d3be948c0f701e89eef458e999e6a501aa99a'
[    4.270952] zswap: loaded using pool lzo/zbud
[    4.274993] Key type .fscrypt registered
[    4.278020] Key type fscrypt-provisioning registered
[    4.281421] ima: No TPM chip found, activating TPM-bypass!
[    4.284991] ima: Allocated hash algorithm: sha1
[    4.288200] ima: No architecture policies found
[    4.291746] clk: Disabling unused clocks
[    4.296990] Freeing unused decrypted memory: 2036K
[    4.300886] Freeing unused kernel image (initmem) memory: 2464K
[    4.328718] Write protecting the kernel read-only data: 22528k
[    4.334076] Freeing unused kernel image (text/rodata gap) memory: 2032K
[    4.338406] Freeing unused kernel image (rodata/data gap) memory: 128K
[    4.342425] Run /init as init process
[    4.345306]   with arguments:
[    4.345307]     /init
[    4.345308]   with environment:
[    4.345309]     HOME=/
[    4.345309]     TERM=linux
[    4.345310]     BOOT_IMAGE=/boot/vmlinuz-5.10.227-219.884.amzn2.x86_64
[    4.345311]     biosdevname=0
[    4.345312]     LANG=en_US.UTF-8
[    4.345313]     KEYTABLE=us
[    4.349755] systemd[1]: systemd 219 running in system mode. (+PAM +AUDIT +SELINUX +IMA -APPARMOR +SMACK +SYSVINIT +UTMP +LIBCRYPTSETUP +GCRYPT +GNUTLS +ACL +XZ +LZ4 -SECCOMP +BLKID +ELFUTILS +KMOD +IDN)
[    4.360784] systemd[1]: Detected virtualization amazon.
[    4.364250] systemd[1]: Detected architecture x86-64.
[    4.367681] systemd[1]: Running in initial RAM disk.
[    4.372739] systemd[1]: No hostname configured.
[    4.376210] systemd[1]: Set hostname to <localhost>.
[    4.379628] systemd[1]: Initializing machine ID from VM UUID.
[    4.411981] systemd[1]: Reached target Swap.
[    4.416127] systemd[1]: Reached target Local File Systems.
[    4.420864] systemd[1]: Reached target Timers.
[    4.614162] XFS (nvme0n1p1): Mounting V5 Filesystem
[    4.705748] input: AT Translated Set 2 keyboard as /devices/platform/i8042/serio0/input/input0
[    6.441893] XFS (nvme0n1p1): Ending clean mount
[    6.621557] systemd-journald[2198]: Received SIGTERM from PID 1 (systemd).
[    6.649573] printk: systemd: 17 output lines suppressed due to ratelimiting
[    6.833937] SELinux:  Runtime disable is deprecated, use selinux=0 on the kernel cmdline.
[    6.839907] SELinux:  Disabled at runtime.
[    6.916748] audit: type=1404 audit(1731166650.236:2): enforcing=0 old_enforcing=0 auid=4294967295 ses=4294967295 enabled=0 old-enabled=1 lsm=selinux res=1
[    7.621228] xfs filesystem being remounted at / supports timestamps until 2038-01-19 (0x7fffffff)
[    7.669471] systemd-journald[6470]: Received request to flush runtime journal from PID 1
[    7.804000] bridge: filtering via arp/ip/ip6tables is no longer available by default. Update your scripts to load br_netfilter if you need this.
[    7.815678] Bridge firewalling registered
[    7.831854] pps_core: LinuxPPS API ver. 1 registered
[    7.835260] pps_core: Software ver. 5.3.6 - Copyright 2005-2007 Rodolfo Giometti <giometti@linux.it>
[    7.903243] PTP clock support registered
[    7.907899] input: Power Button as /devices/LNXSYSTM:00/LNXPWRBN:00/input/input3
[    7.918735] cryptd: max_cpu_qlen set to 1000
[    7.923089] input: ImPS/2 Generic Wheel Mouse as /devices/platform/i8042/serio1/input/input4
[    7.932038] Elastic Fabric Adapter (EFA) v2.8.0a
[    7.932717] ACPI: Power Button [PWRF]
[    7.938456] input: Sleep Button as /devices/LNXSYSTM:00/LNXSLPBN:00/input/input5
[    7.944351] ACPI: Sleep Button [SLPF]
[    7.949979] AVX2 version of gcm_enc/dec engaged.
[    7.950099] ena 0000:00:05.0: Elastic Network Adapter (ENA) v2.13.0g
[    7.953352] AES CTR mode by8 optimization enabled
[    7.984853] ena 0000:00:05.0: ENA device version: 0.10
[    7.988338] ena 0000:00:05.0: ENA controller version: 0.0.1 implementation version 1
[    8.054658] efa 0000:00:1f.0: Setup irq:27 name:efa-mgmnt@pci:0000:00:1f.0
[    8.072686] ena 0000:00:05.0: Forcing large headers and decreasing maximum TX queue size to 512
[    8.078927] ena 0000:00:05.0: ENA Large LLQ is enabled
[    8.083306] mousedev: PS/2 mouse device common for all mice
[    8.089484] efa 0000:00:1f.0 efa_0: IB device registered
[    8.092507] ena 0000:00:05.0: Elastic Network Adapter (ENA) found at mem fe814000, mac addr 06:40:d7:75:df:61
[    8.495733] RPC: Registered named UNIX socket transport module.
[    8.499496] RPC: Registered udp transport module.
[    8.502761] RPC: Registered tcp transport module.
[    8.506036] RPC: Registered tcp NFSv4.1 backchannel transport module.
[    9.826156] ena 0000:00:05.0 eth0: Local page cache is disabled for less than 16 channels
[   37.514519] efa 0000:00:1f.0 efa_0: Unregister ib device
[   57.967617] Elastic Fabric Adapter (EFA) v2.8.0a
[   58.085911] efa 0000:00:1f.0: Setup irq:27 name:efa-mgmnt@pci:0000:00:1f.0
[   58.122022] efa 0000:00:1f.0 efa_0: IB device registered
[  101.129251] efa 0000:00:1f.0 rdmap0s31: Unregister ib device
[  101.309262] efa: loading out-of-tree module taints kernel.
[  101.312905] efa: module verification failed: signature and/or required key missing - tainting kernel
[  101.321394] Elastic Fabric Adapter (EFA) v2.13.0g
[  101.440847] efa 0000:00:1f.0: Setup irq:27 name:efa-mgmnt@pci:0000:00:1f.0
[  101.477294] efa 0000:00:1f.0 efa_0: IB device registered
[  108.433977] clocksource: Switched to clocksource kvm-clock
[  112.526111] bpfilter: Loaded bpfilter_umh pid 53273
[  112.526298] Started bpfilter
[  119.722384] IPv6: ADDRCONF(NETDEV_CHANGE): eni4132b30d3ca: link becomes ready
[  119.725280] IPv6: ADDRCONF(NETDEV_CHANGE): eth0: link becomes ready
[  119.727955] IPv6: ADDRCONF(NETDEV_CHANGE): eni664a7a2bb42: link becomes ready
[  119.730802] IPv6: ADDRCONF(NETDEV_CHANGE): eth0: link becomes ready
[  123.232475] pci 0000:00:06.0: [1d0f:ec20] type 00 class 0x020000
[  123.235159] pci 0000:00:06.0: reg 0x10: [mem 0x00000000-0x00001fff]
[  123.237555] pci 0000:00:06.0: reg 0x14: [mem 0x00000000-0x00001fff]
[  123.240003] pci 0000:00:06.0: reg 0x18: [mem 0x00000000-0x000fffff pref]
[  123.242706] pci 0000:00:06.0: enabling Extended Tags
[  123.245415] pci 0000:00:06.0: BAR 2: assigned [mem 0xc0000000-0xc00fffff pref]
[  123.248142] pci 0000:00:06.0: BAR 0: assigned [mem 0xc0100000-0xc0101fff]
[  123.250719] pci 0000:00:06.0: BAR 1: assigned [mem 0xc0102000-0xc0103fff]
[  123.253339] ena 0000:00:06.0: enabling device (0000 -> 0002)
[  123.266323] ena 0000:00:06.0: ENA device version: 0.10
[  123.268647] ena 0000:00:06.0: ENA controller version: 0.0.1 implementation version 1
[  123.366190] ena 0000:00:06.0: Forcing large headers and decreasing maximum TX queue size to 512
[  123.371051] ena 0000:00:06.0: ENA Large LLQ is enabled
[  123.388636] ena 0000:00:06.0: Elastic Network Adapter (ENA) found at mem c0100000, mac addr 06:0c:1e:75:25:9b
[  127.052247] ena 0000:00:06.0 eth1: Local page cache is disabled for less than 16 channels
