[    0.000000] Linux version 6.1.100+ (builder@fad4ac6e31ad) (Chromium OS 16.0_pre484197_p20230405-r10 clang version 16.0.0 (/var/tmp/portage/sys-devel/llvm-16.0_pre484197_p20230405-r10/work/llvm-16.0_pre484197_p20230405/clang 2916b99182752b1aece8cc4479d8d6a20b5e02da), LLD 16.0.0) #1 SMP PREEMPT_DYNAMIC Sun Sep 29 16:26:42 UTC 2024
[    0.000000] Command line: BOOT_IMAGE=/syslinux/vmlinuz.A init=/usr/lib/systemd/systemd rootwait ro noresume loglevel=7 console=tty1 console=ttyS0,115200 security=apparmor virtio_net.napi_tx=1 nmi_watchdog=0 csm.disabled=0 csm.pipe.enabled=1 csm.config.enabled=1 ,firmware firmware_class.path=/home/kubernetes/bin/nvidia/firmware module.sig_enforce=0 dm_verity.error_behavior=3 dm_verity.max_bios=-1 dm_verity.dev_wait=1 i915.modeset=1 cros_efi cos.disable_systemd_route_mgmt modules-load=vfio-pci root=/dev/dm-0 "dm-mod.create=vroot,,,ro,0 4077568 verity 0 PARTUUID=1CFF1596-0A57-9A43-A7C7-9C3E9ACFBA0F PARTUUID=1CFF1596-0A57-9A43-A7C7-9C3E9ACFBA0F 4096 4096 509696 509696 sha256 76e7ffc53ac6c75c8a10b1bf13ac4abee89314c401a9e9d99f8d514d452d0a6d 107fd67eb7fac9045e19b861d3be2299e57956e453a9888f2e153c2dad8729e6" intel_iommu=on,sm_on
[    0.000000] [Firmware Bug]: TSC doesn't count with P0 frequency!
[    0.000000] BIOS-provided physical RAM map:
[    0.000000] BIOS-e820: [mem 0x0000000000000000-0x0000000000000fff] reserved
[    0.000000] BIOS-e820: [mem 0x0000000000001000-0x0000000000054fff] usable
[    0.000000] BIOS-e820: [mem 0x0000000000055000-0x000000000005ffff] reserved
[    0.000000] BIOS-e820: [mem 0x0000000000060000-0x0000000000097fff] usable
[    0.000000] BIOS-e820: [mem 0x0000000000098000-0x000000000009ffff] reserved
[    0.000000] BIOS-e820: [mem 0x0000000000100000-0x00000000bf6ecfff] usable
[    0.000000] BIOS-e820: [mem 0x00000000bf6ed000-0x00000000bf96cfff] reserved
[    0.000000] BIOS-e820: [mem 0x00000000bf96d000-0x00000000bf97efff] ACPI data
[    0.000000] BIOS-e820: [mem 0x00000000bf97f000-0x00000000bf9fefff] ACPI NVS
[    0.000000] BIOS-e820: [mem 0x00000000bf9ff000-0x00000000bffdffff] usable
[    0.000000] BIOS-e820: [mem 0x00000000bffe0000-0x00000000bfffffff] reserved
[    0.000000] BIOS-e820: [mem 0x0000000100000000-0x000000703fffffff] usable
[    0.000000] NX (Execute Disable) protection: active
[    0.000000] efi: EFI v2.70 by EDK II
[    0.000000] efi: TPMFinalLog=0xbf9f7000 ACPI=0xbf97e000 ACPI 2.0=0xbf97e014 SMBIOS=0xbf7e8000 MOKvar=0xbf7e5000 RNG=0xbf972018 TPMEventLog=0xbce8a018 
[    0.000000] SMBIOS 2.4 present.
[    0.000000] DMI: Google Google Compute Engine/Google Compute Engine, BIOS Google 09/13/2024
[    0.000000] Hypervisor detected: KVM
[    0.000000] kvm-clock: Using msrs 4b564d01 and 4b564d00
[    0.000001] kvm-clock: using sched offset of 5465031534 cycles
[    0.000001] clocksource: kvm-clock: mask: 0xffffffffffffffff max_cycles: 0x1cd42e4dffb, max_idle_ns: 881590591483 ns
[    0.000003] tsc: Detected 3049.998 MHz processor
[    0.000008] e820: update [mem 0x00000000-0x00000fff] usable ==> reserved
[    0.000010] e820: remove [mem 0x000a0000-0x000fffff] usable
[    0.000014] last_pfn = 0x7040000 max_arch_pfn = 0x400000000
[    0.000059] x86/PAT: Configuration [0-7]: WB  WC  UC- UC  WB  WP  UC- WT  
[    0.000067] last_pfn = 0xbffe0 max_arch_pfn = 0x400000000
[    0.003457] Using GB pages for direct mapping
[    0.003613] Secure boot disabled
[    0.003614] ACPI: Early table checksum verification disabled
[    0.003616] ACPI: RSDP 0x00000000BF97E014 000024 (v02 Google)
[    0.003619] ACPI: XSDT 0x00000000BF97D0E8 00005C (v01 Google GOOGFACP 00000001      01000013)
[    0.003622] ACPI: FACP 0x00000000BF978000 0000F4 (v02 Google GOOGFACP 00000001 GOOG 00000001)
[    0.003626] ACPI: DSDT 0x00000000BF979000 001A64 (v01 Google GOOGDSDT 00000001 GOOG 00000001)
[    0.003628] ACPI: FACS 0x00000000BF9F0000 000040
[    0.003629] ACPI: SSDT 0x00000000BF97C000 000316 (v02 GOOGLE Tpm2Tabl 00001000 INTL 20240322)
[    0.003631] ACPI: TPM2 0x00000000BF97B000 000034 (v04 GOOGLE          00000001 GOOG 00000001)
[    0.003633] ACPI: SRAT 0x00000000BF977000 000450 (v03 Google GOOGSRAT 00000001 GOOG 00000001)
[    0.003635] ACPI: APIC 0x00000000BF976000 000226 (v05 Google GOOGAPIC 00000001 GOOG 00000001)
[    0.003637] ACPI: SSDT 0x00000000BF974000 001F7A (v01 Google GOOGSSDT 00000001 GOOG 00000001)
[    0.003639] ACPI: WAET 0x00000000BF973000 000028 (v01 Google GOOGWAET 00000001 GOOG 00000001)
[    0.003640] ACPI: Reserving FACP table memory at [mem 0xbf978000-0xbf9780f3]
[    0.003641] ACPI: Reserving DSDT table memory at [mem 0xbf979000-0xbf97aa63]
[    0.003642] ACPI: Reserving FACS table memory at [mem 0xbf9f0000-0xbf9f003f]
[    0.003643] ACPI: Reserving SSDT table memory at [mem 0xbf97c000-0xbf97c315]
[    0.003643] ACPI: Reserving TPM2 table memory at [mem 0xbf97b000-0xbf97b033]
[    0.003644] ACPI: Reserving SRAT table memory at [mem 0xbf977000-0xbf97744f]
[    0.003645] ACPI: Reserving APIC table memory at [mem 0xbf976000-0xbf976225]
[    0.003645] ACPI: Reserving SSDT table memory at [mem 0xbf974000-0xbf975f79]
[    0.003646] ACPI: Reserving WAET table memory at [mem 0xbf973000-0xbf973027]
[    0.003677] SRAT: PXM 0 -> APIC 0x00 -> Node 0
[    0.003679] SRAT: PXM 0 -> APIC 0x01 -> Node 0
[    0.003679] SRAT: PXM 0 -> APIC 0x02 -> Node 0
[    0.003680] SRAT: PXM 0 -> APIC 0x03 -> Node 0
[    0.003680] SRAT: PXM 0 -> APIC 0x04 -> Node 0
[    0.003681] SRAT: PXM 0 -> APIC 0x05 -> Node 0
[    0.003681] SRAT: PXM 0 -> APIC 0x06 -> Node 0
[    0.003682] SRAT: PXM 0 -> APIC 0x07 -> Node 0
[    0.003682] SRAT: PXM 0 -> APIC 0x08 -> Node 0
[    0.003682] SRAT: PXM 0 -> APIC 0x09 -> Node 0
[    0.003683] SRAT: PXM 0 -> APIC 0x0a -> Node 0
[    0.003683] SRAT: PXM 0 -> APIC 0x0b -> Node 0
[    0.003684] SRAT: PXM 0 -> APIC 0x0c -> Node 0
[    0.003684] SRAT: PXM 0 -> APIC 0x0d -> Node 0
[    0.003685] SRAT: PXM 0 -> APIC 0x0e -> Node 0
[    0.003685] SRAT: PXM 0 -> APIC 0x0f -> Node 0
[    0.003686] SRAT: PXM 0 -> APIC 0x10 -> Node 0
[    0.003686] SRAT: PXM 0 -> APIC 0x11 -> Node 0
[    0.003687] SRAT: PXM 0 -> APIC 0x12 -> Node 0
[    0.003687] SRAT: PXM 0 -> APIC 0x13 -> Node 0
[    0.003688] SRAT: PXM 0 -> APIC 0x14 -> Node 0
[    0.003688] SRAT: PXM 0 -> APIC 0x15 -> Node 0
[    0.003689] SRAT: PXM 0 -> APIC 0x16 -> Node 0
[    0.003689] SRAT: PXM 0 -> APIC 0x17 -> Node 0
[    0.003690] SRAT: PXM 0 -> APIC 0x18 -> Node 0
[    0.003690] SRAT: PXM 0 -> APIC 0x19 -> Node 0
[    0.003691] SRAT: PXM 0 -> APIC 0x1a -> Node 0
[    0.003691] SRAT: PXM 0 -> APIC 0x1b -> Node 0
[    0.003692] SRAT: PXM 1 -> APIC 0x20 -> Node 1
[    0.003692] SRAT: PXM 1 -> APIC 0x21 -> Node 1
[    0.003693] SRAT: PXM 1 -> APIC 0x22 -> Node 1
[    0.003693] SRAT: PXM 1 -> APIC 0x23 -> Node 1
[    0.003694] SRAT: PXM 1 -> APIC 0x24 -> Node 1
[    0.003694] SRAT: PXM 1 -> APIC 0x25 -> Node 1
[    0.003695] SRAT: PXM 1 -> APIC 0x26 -> Node 1
[    0.003695] SRAT: PXM 1 -> APIC 0x27 -> Node 1
[    0.003696] SRAT: PXM 1 -> APIC 0x28 -> Node 1
[    0.003696] SRAT: PXM 1 -> APIC 0x29 -> Node 1
[    0.003697] SRAT: PXM 1 -> APIC 0x2a -> Node 1
[    0.003697] SRAT: PXM 1 -> APIC 0x2b -> Node 1
[    0.003697] SRAT: PXM 1 -> APIC 0x2c -> Node 1
[    0.003698] SRAT: PXM 1 -> APIC 0x2d -> Node 1
[    0.003698] SRAT: PXM 1 -> APIC 0x2e -> Node 1
[    0.003699] SRAT: PXM 1 -> APIC 0x2f -> Node 1
[    0.003699] SRAT: PXM 1 -> APIC 0x30 -> Node 1
[    0.003700] SRAT: PXM 1 -> APIC 0x31 -> Node 1
[    0.003700] SRAT: PXM 1 -> APIC 0x32 -> Node 1
[    0.003701] SRAT: PXM 1 -> APIC 0x33 -> Node 1
[    0.003701] SRAT: PXM 1 -> APIC 0x34 -> Node 1
[    0.003702] SRAT: PXM 1 -> APIC 0x35 -> Node 1
[    0.003702] SRAT: PXM 1 -> APIC 0x36 -> Node 1
[    0.003703] SRAT: PXM 1 -> APIC 0x37 -> Node 1
[    0.003703] SRAT: PXM 1 -> APIC 0x38 -> Node 1
[    0.003704] SRAT: PXM 1 -> APIC 0x39 -> Node 1
[    0.003704] SRAT: PXM 1 -> APIC 0x3a -> Node 1
[    0.003705] SRAT: PXM 1 -> APIC 0x3b -> Node 1
[    0.003706] ACPI: SRAT: Node 0 PXM 0 [mem 0x00000000-0x0009ffff]
[    0.003707] ACPI: SRAT: Node 0 PXM 0 [mem 0x00100000-0xbfffffff]
[    0.003708] ACPI: SRAT: Node 0 PXM 0 [mem 0x100000000-0x383fffffff]
[    0.003709] ACPI: SRAT: Node 1 PXM 1 [mem 0x3840000000-0x703fffffff]
[    0.003711] NUMA: Node 0 [mem 0x00000000-0x0009ffff] + [mem 0x00100000-0xbfffffff] -> [mem 0x00000000-0xbfffffff]
[    0.003713] NUMA: Node 0 [mem 0x00000000-0xbfffffff] + [mem 0x100000000-0x383fffffff] -> [mem 0x00000000-0x383fffffff]
[    0.003716] NODE_DATA(0) allocated [mem 0x383fffa000-0x383fffffff]
[    0.003724] NODE_DATA(1) allocated [mem 0x703fffa000-0x703fffffff]
[    0.003998] Zone ranges:
[    0.003999]   DMA      [mem 0x0000000000001000-0x0000000000ffffff]
[    0.004000]   DMA32    [mem 0x0000000001000000-0x00000000ffffffff]
[    0.004001]   Normal   [mem 0x0000000100000000-0x000000703fffffff]
[    0.004003]   Device   empty
[    0.004003] Movable zone start for each node
[    0.004004] Early memory node ranges
[    0.004004]   node   0: [mem 0x0000000000001000-0x0000000000054fff]
[    0.004005]   node   0: [mem 0x0000000000060000-0x0000000000097fff]
[    0.004006]   node   0: [mem 0x0000000000100000-0x00000000bf6ecfff]
[    0.004007]   node   0: [mem 0x00000000bf9ff000-0x00000000bffdffff]
[    0.004007]   node   0: [mem 0x0000000100000000-0x000000383fffffff]
[    0.004018]   node   1: [mem 0x0000003840000000-0x000000703fffffff]
[    0.004028] Initmem setup node 0 [mem 0x0000000000001000-0x000000383fffffff]
[    0.004030] Initmem setup node 1 [mem 0x0000003840000000-0x000000703fffffff]
[    0.004035] On node 0, zone DMA: 1 pages in unavailable ranges
[    0.004037] On node 0, zone DMA: 11 pages in unavailable ranges
[    0.004067] On node 0, zone DMA: 104 pages in unavailable ranges
[    0.009972] On node 0, zone DMA32: 786 pages in unavailable ranges
[    0.010242] On node 0, zone Normal: 32 pages in unavailable ranges
[    0.046066] ACPI: LAPIC_NMI (acpi_id[0xff] dfl dfl lint[0x1])
[    0.046101] IOAPIC[0]: apic_id 0, version 17, address 0xfec00000, GSI 0-23
[    0.046103] ACPI: INT_SRC_OVR (bus 0 bus_irq 5 global_irq 5 high level)
[    0.046104] ACPI: INT_SRC_OVR (bus 0 bus_irq 9 global_irq 9 high level)
[    0.046105] ACPI: INT_SRC_OVR (bus 0 bus_irq 10 global_irq 10 high level)
[    0.046106] ACPI: INT_SRC_OVR (bus 0 bus_irq 11 global_irq 11 high level)
[    0.046109] ACPI: Using ACPI (MADT) for SMP configuration information
[    0.046112] smpboot: Allowing 56 CPUs, 0 hotplug CPUs
[    0.046126] [mem 0xc0000000-0xffffffff] available for PCI devices
[    0.046127] Booting paravirtualized kernel on KVM
[    0.046129] clocksource: refined-jiffies: mask: 0xffffffff max_cycles: 0xffffffff, max_idle_ns: 1910969940391419 ns
[    0.049959] setup_percpu: NR_CPUS:512 nr_cpumask_bits:56 nr_cpu_ids:56 nr_node_ids:2
[    0.051286] percpu: Embedded 62 pages/cpu s217088 r8192 d28672 u262144
[    0.051292] pcpu-alloc: s217088 r8192 d28672 u262144 alloc=1*2097152
[    0.051294] pcpu-alloc: [0] 00 01 02 03 04 05 06 07 [0] 08 09 10 11 12 13 14 15 
[    0.051300] pcpu-alloc: [0] 16 17 18 19 20 21 22 23 [0] 24 25 26 27 -- -- -- -- 
[    0.051306] pcpu-alloc: [1] 28 29 30 31 32 33 34 35 [1] 36 37 38 39 40 41 42 43 
[    0.051311] pcpu-alloc: [1] 44 45 46 47 48 49 50 51 [1] 52 53 54 55 -- -- -- -- 
[    0.051330] kvm-guest: PV spinlocks disabled, no host support
[    0.051332] Fallback order for Node 0: 0 1 
[    0.051334] Fallback order for Node 1: 1 0 
[    0.051336] Built 2 zonelists, mobility grouping on.  Total pages: 115602424
[    0.051337] Policy zone: Normal
[    0.051338] Kernel command line: BOOT_IMAGE=/syslinux/vmlinuz.A init=/usr/lib/systemd/systemd rootwait ro noresume loglevel=7 console=tty1 console=ttyS0,115200 security=apparmor virtio_net.napi_tx=1 nmi_watchdog=0 csm.disabled=0 csm.pipe.enabled=1 csm.config.enabled=1 ,firmware firmware_class.path=/home/kubernetes/bin/nvidia/firmware module.sig_enforce=0 dm_verity.error_behavior=3 dm_verity.max_bios=-1 dm_verity.dev_wait=1 i915.modeset=1 cros_efi cos.disable_systemd_route_mgmt modules-load=vfio-pci root=/dev/dm-0 "dm-mod.create=vroot,,,ro,0 4077568 verity 0 PARTUUID=1CFF1596-0A57-9A43-A7C7-9C3E9ACFBA0F PARTUUID=1CFF1596-0A57-9A43-A7C7-9C3E9ACFBA0F 4096 4096 509696 509696 sha256 76e7ffc53ac6c75c8a10b1bf13ac4abee89314c401a9e9d99f8d514d452d0a6d 107fd67eb7fac9045e19b861d3be2299e57956e453a9888f2e153c2dad8729e6" intel_iommu=on,sm_on
[    0.051454] DMAR: IOMMU enabled
[    0.051455] DMAR: Enable scalable mode if hardware supports
[    0.051457] Unknown kernel command line parameters "noresume ,firmware cros_efi BOOT_IMAGE=/syslinux/vmlinuz.A modules-load=vfio-pci", will be passed to user space.
[    0.051476] random: crng init done
[    0.051476] printk: log_buf_len individual max cpu contribution: 4096 bytes
[    0.051477] printk: log_buf_len total cpu_extra contributions: 225280 bytes
[    0.051477] printk: log_buf_len min size: 262144 bytes
[    0.051706] printk: log_buf_len: 524288 bytes
[    0.051707] printk: early log buf free: 249936(95%)
[    0.051929] mem auto-init: stack:all(zero), heap alloc:off, heap free:off
[    0.051933] software IO TLB: area num 64.
[    0.169109] Memory: 3277824K/469758312K available (16395K kernel code, 2565K rwdata, 8760K rodata, 2112K init, 4356K bss, 7524460K reserved, 0K cma-reserved)
[    0.169281] SLUB: HWalign=64, Order=0-3, MinObjects=0, CPUs=56, Nodes=2
[    0.169299] ftrace: allocating 42881 entries in 168 pages
[    0.169441] ftrace: allocated 168 pages with 3 groups
[    0.170391] Dynamic Preempt: none
[    0.170475] rcu: Preemptible hierarchical RCU implementation.
[    0.170476] rcu: 	RCU restricting CPUs from NR_CPUS=512 to nr_cpu_ids=56.
[    0.170477] 	Trampoline variant of Tasks RCU enabled.
[    0.170478] 	Rude variant of Tasks RCU enabled.
[    0.170478] 	Tracing variant of Tasks RCU enabled.
[    0.170479] rcu: RCU calculated value of scheduler-enlistment delay is 100 jiffies.
[    0.170479] rcu: Adjusting geometry for rcu_fanout_leaf=16, nr_cpu_ids=56
[    0.173000] NR_IRQS: 33024, nr_irqs: 872, preallocated irqs: 16
[    0.173209] rcu: srcu_init: Setting srcu_struct sizes based on contention.
[    0.173266] Console: colour dummy device 80x25
[    0.173513] printk: console [tty1] enabled
[    0.365395] printk: console [ttyS0] enabled
[    0.366126] ACPI: Core revision 20220331
[    0.366918] APIC: Switch to symmetric I/O mode setup
[    0.368053] x2apic enabled
[    0.372495] Switched APIC routing to physical x2apic.
[    0.378325] ..TIMER: vector=0x30 apic1=0 pin1=0 apic2=-1 pin2=-1
[    0.379786] clocksource: tsc-early: mask: 0xffffffffffffffff max_cycles: 0x2bf6c4ae424, max_idle_ns: 440795250795 ns
[    0.381417] Calibrating delay loop (skipped) preset value.. 6099.99 BogoMIPS (lpj=3049998)
[    0.382505] x86/cpu: User Mode Instruction Prevention (UMIP) activated
[    0.384557] process: using mwait in idle threads
[    0.385283] Last level iTLB entries: 4KB 512, 2MB 512, 4MB 256
[    0.385419] Last level dTLB entries: 4KB 2048, 2MB 2048, 4MB 1024, 1GB 0
[    0.386420] Spectre V1 : Mitigation: usercopy/swapgs barriers and __user pointer sanitization
[    0.387424] Spectre V2 : Mitigation: Retpolines
[    0.388137] Spectre V2 : Spectre v2 / SpectreRSB mitigation: Filling RSB on context switch
[    0.388419] Spectre V2 : Spectre v2 / SpectreRSB : Filling RSB on VMEXIT
[    0.389419] Spectre V2 : Enabling Restricted Speculation for firmware calls
[    0.390422] Spectre V2 : mitigation: Enabling conditional Indirect Branch Prediction Barrier
[    0.391423] Speculative Store Bypass: Mitigation: Speculative Store Bypass disabled via prctl
[    0.392420] Speculative Return Stack Overflow: Mitigation: safe RET
[    0.393429] x86/fpu: Supporting XSAVE feature 0x001: 'x87 floating point registers'
[    0.394419] x86/fpu: Supporting XSAVE feature 0x002: 'SSE registers'
[    0.395419] x86/fpu: Supporting XSAVE feature 0x004: 'AVX registers'
[    0.396419] x86/fpu: xstate_offset[2]:  576, xstate_sizes[2]:  256
[    0.397419] x86/fpu: Enabled xstate features 0x7, context size is 832 bytes, using 'compacted' format.
[    0.412680] Freeing SMP alternatives memory: 48K
[    0.413421] pid_max: default: 57344 minimum: 448
[    0.426903] LSM: Security Framework initializing
[    0.427435] Yama: becoming mindful.
[    0.428002] LoadPin: ready to pin (currently enforcing)
[    0.428440] AppArmor: AppArmor initialized
[    0.429422] LSM support for eBPF active
[    0.438502] Dentry cache hash table entries: 16777216 (order: 15, 134217728 bytes, vmalloc hugepage)
[    0.443969] Inode-cache hash table entries: 8388608 (order: 14, 67108864 bytes, vmalloc hugepage)
[    0.444630] Mount-cache hash table entries: 262144 (order: 9, 2097152 bytes, vmalloc)
[    0.445595] Mountpoint-cache hash table entries: 262144 (order: 9, 2097152 bytes, vmalloc)
[    0.651861] smpboot: CPU0: AMD EPYC 7B13 (family: 0x19, model: 0x1, stepping: 0x0)
[    0.652610] cblist_init_generic: Setting adjustable number of callback queues.
[    0.653422] cblist_init_generic: Setting shift to 6 and lim to 1.
[    0.654446] cblist_init_generic: Setting adjustable number of callback queues.
[    0.655422] cblist_init_generic: Setting shift to 6 and lim to 1.
[    0.656446] cblist_init_generic: Setting adjustable number of callback queues.
[    0.657421] cblist_init_generic: Setting shift to 6 and lim to 1.
[    0.658418] Performance Events: PMU not available due to virtualization, using software events only.
[    0.660441] signal: max sigframe size: 1776
[    0.661451] rcu: Hierarchical SRCU implementation.
[    0.662421] rcu: 	Max phase no-delay instances is 400.
[    0.663614] NMI watchdog: Perf NMI watchdog permanently disabled
[    0.665461] smp: Bringing up secondary CPUs ...
[    0.666338] x86: Booting SMP configuration:
[    0.666423] .... node  #0, CPUs:        #1  #2  #3  #4  #5  #6  #7  #8  #9 #10 #11 #12 #13 #14 #15 #16 #17 #18 #19 #20 #21 #22 #23 #24 #25 #26 #27
[    0.684426] .... node  #1, CPUs:   #28 #29 #30 #31 #32 #33 #34 #35 #36 #37 #38 #39 #40 #41 #42 #43 #44 #45 #46 #47 #48 #49 #50 #51 #52 #53 #54 #55
[    0.704642] smp: Brought up 2 nodes, 56 CPUs
[    0.706422] smpboot: Max logical packages: 2
[    0.707088] smpboot: Total of 56 processors activated (341599.77 BogoMIPS)
[    0.788435] node 1 deferred pages initialised in 78ms
[    0.788575] node 0 deferred pages initialised in 78ms
[    0.807480] devtmpfs: initialized
[    0.808520] x86/mm: Memory block size: 1024MB
[    0.815440] ACPI: PM: Registering ACPI NVS region [mem 0xbf97f000-0xbf9fefff] (524288 bytes)
[    0.817521] clocksource: jiffies: mask: 0xffffffff max_cycles: 0xffffffff, max_idle_ns: 1911260446275000 ns
[    0.818459] futex hash table entries: 16384 (order: 8, 1048576 bytes, vmalloc)
[    0.819660] PM: RTC time: 15:31:45, date: 2024-11-09
[    0.821824] NET: Registered PF_NETLINK/PF_ROUTE protocol family
[    0.823557] DMA: preallocated 4096 KiB GFP_KERNEL pool for atomic allocations
[    0.824428] DMA: preallocated 4096 KiB GFP_KERNEL|GFP_DMA pool for atomic allocations
[    0.825428] DMA: preallocated 4096 KiB GFP_KERNEL|GFP_DMA32 pool for atomic allocations
[    0.827432] audit: initializing netlink subsys (disabled)
[    0.827436] audit: type=2000 audit(1731166304.849:1): state=initialized audit_enabled=0 res=1
[    0.827509] thermal_sys: Registered thermal governor 'step_wise'
[    0.829424] thermal_sys: Registered thermal governor 'user_space'
[    0.830462] cpuidle: using governor ladder
[    0.832438] cpuidle: using governor menu
[    0.834517] acpiphp: ACPI Hot Plug PCI Controller Driver version: 0.5
[    0.835511] PCI: Using configuration type 1 for base access
[    0.836422] PCI: Using configuration type 1 for extended access
[    0.840877] kprobes: kprobe jump-optimization is enabled. All kprobes are optimized if possible.
[    0.842454] HugeTLB: registered 1.00 GiB page size, pre-allocated 0 pages
[    0.843422] HugeTLB: 16380 KiB vmemmap can be freed for a 1.00 GiB page
[    0.844422] HugeTLB: registered 2.00 MiB page size, pre-allocated 0 pages
[    0.846421] HugeTLB: 28 KiB vmemmap can be freed for a 2.00 MiB page
[    0.847550] ACPI: Added _OSI(Module Device)
[    0.848424] ACPI: Added _OSI(Processor Device)
[    0.849421] ACPI: Added _OSI(3.0 _SCP Extensions)
[    0.849421] ACPI: Added _OSI(Processor Aggregator Device)
[    0.853405] ACPI: 3 ACPI AML tables successfully acquired and loaded
[    0.860923] ACPI: Interpreter enabled
[    0.861435] ACPI: PM: (supports S0 S3 S5)
[    0.862071] ACPI: Using IOAPIC for interrupt routing
[    0.863434] PCI: Using host bridge windows from ACPI; if necessary, use "pci=nocrs" and report a bug
[    0.864422] PCI: Ignoring E820 reservations for host bridge windows
[    0.865700] ACPI: Enabled 16 GPEs in block 00 to 0F
[    0.874680] ACPI: PCI Root Bridge [PCI0] (domain 0000 [bus 00-ff])
[    0.875425] acpi PNP0A03:00: _OSC: OS supports [ExtendedConfig ASPM ClockPM Segments MSI HPX-Type3]
[    0.877745] PCI host bridge to bus 0000:00
[    0.878421] pci_bus 0000:00: Unknown NUMA node; performance will be reduced
[    0.879421] pci_bus 0000:00: root bus resource [io  0x0000-0x0cf7 window]
[    0.880422] pci_bus 0000:00: root bus resource [io  0x0d00-0xffff window]
[    0.881421] pci_bus 0000:00: root bus resource [mem 0x000a0000-0x000bffff window]
[    0.882421] pci_bus 0000:00: root bus resource [mem 0xc0000000-0xfebfefff window]
[    0.884422] pci_bus 0000:00: root bus resource [bus 00-ff]
[    0.885528] pci 0000:00:00.0: [8086:1237] type 00 class 0x060000
[    0.888601] pci 0000:00:01.0: [8086:7110] type 00 class 0x060100
[    0.907589] pci 0000:00:01.3: [8086:7113] type 00 class 0x068000
[    0.926442] pci 0000:00:01.3: quirk: [io  0xb000-0xb03f] claimed by PIIX4 ACPI
[    0.927633] pci 0000:00:03.0: [1af4:1004] type 00 class 0x000000
[    0.935419] pci 0000:00:03.0: reg 0x10: [io  0xc000-0xc03f]
[    0.940418] pci 0000:00:03.0: reg 0x14: [mem 0xc0103000-0xc010307f]
[    0.953667] pci 0000:00:04.0: [1ae0:0042] type 00 class 0x020000
[    0.962418] pci 0000:00:04.0: reg 0x10: [mem 0xc0102000-0xc0102fff]
[    0.967419] pci 0000:00:04.0: reg 0x14: [mem 0xc0100000-0xc01003ff]
[    0.972418] pci 0000:00:04.0: reg 0x18: [mem 0xc0000000-0xc00fffff]
[    0.982533] pci 0000:00:05.0: [1af4:1005] type 00 class 0x00ff00
[    0.990418] pci 0000:00:05.0: reg 0x10: [io  0xc040-0xc05f]
[    0.995418] pci 0000:00:05.0: reg 0x14: [mem 0xc0101000-0xc010103f]
[    1.010496] ACPI: PCI: Interrupt link LNKA configured for IRQ 10
[    1.012487] ACPI: PCI: Interrupt link LNKB configured for IRQ 10
[    1.015484] ACPI: PCI: Interrupt link LNKC configured for IRQ 11
[    1.017485] ACPI: PCI: Interrupt link LNKD configured for IRQ 11
[    1.019440] ACPI: PCI: Interrupt link LNKS configured for IRQ 9
[    1.029457] iommu: Default domain type: Translated 
[    1.030200] iommu: DMA domain TLB invalidation policy: lazy mode 
[    1.031538] SCSI subsystem initialized
[    1.032433] libata version 3.00 loaded.
[    1.032467] pps_core: LinuxPPS API ver. 1 registered
[    1.032467] pps_core: Software ver. 5.3.6 - Copyright 2005-2007 Rodolfo Giometti <giometti@linux.it>
[    1.034427] PTP clock support registered
[    1.035644] Registered efivars operations
[    1.036245] PCI: Using ACPI for IRQ routing
[    1.036421] PCI: pci_cache_line_size set to 64 bytes
[    1.036479] e820: reserve RAM buffer [mem 0x00055000-0x0005ffff]
[    1.036481] e820: reserve RAM buffer [mem 0x00098000-0x0009ffff]
[    1.036482] e820: reserve RAM buffer [mem 0xbf6ed000-0xbfffffff]
[    1.036484] e820: reserve RAM buffer [mem 0xbffe0000-0xbfffffff]
[    1.037487] clocksource: Switched to clocksource kvm-clock
[    1.038524] VFS: Disk quotas dquot_6.6.0
[    1.039195] VFS: Dquot-cache hash table entries: 512 (order 0, 4096 bytes)
[    1.040513] AppArmor: AppArmor Filesystem Enabled
[    1.041291] pnp: PnP ACPI init
[    1.042375] pnp: PnP ACPI: found 7 devices
[    1.045344] NET: Registered PF_INET protocol family
[    1.046372] IP idents hash table entries: 262144 (order: 9, 2097152 bytes, vmalloc)
[    1.049925] tcp_listen_portaddr_hash hash table entries: 65536 (order: 8, 1048576 bytes, vmalloc)
[    1.051441] Table-perturb hash table entries: 65536 (order: 6, 262144 bytes, vmalloc)
[    1.052712] TCP established hash table entries: 524288 (order: 10, 4194304 bytes, vmalloc hugepage)
[    1.054495] TCP bind hash table entries: 65536 (order: 9, 2097152 bytes, vmalloc)
[    1.055822] TCP: Hash tables configured (established 524288 bind 65536)
[    1.057065] UDP hash table entries: 65536 (order: 9, 2097152 bytes, vmalloc)
[    1.058465] UDP-Lite hash table entries: 65536 (order: 9, 2097152 bytes, vmalloc)
[    1.059957] NET: Registered PF_UNIX/PF_LOCAL protocol family
[    1.060913] NET: Registered PF_XDP protocol family
[    1.061685] pci_bus 0000:00: resource 4 [io  0x0000-0x0cf7 window]
[    1.062694] pci_bus 0000:00: resource 5 [io  0x0d00-0xffff window]
[    1.063711] pci_bus 0000:00: resource 6 [mem 0x000a0000-0x000bffff window]
[    1.064839] pci_bus 0000:00: resource 7 [mem 0xc0000000-0xfebfefff window]
[    1.066047] pci 0000:00:00.0: Limiting direct PCI/PCI transfers
[    1.067031] PCI: CLS 0 bytes, default 64
[    1.067703] PCI-DMA: Using software bounce buffering for IO (SWIOTLB)
[    1.068841] software IO TLB: mapped [mem 0x00000000b7eff000-0x00000000bbeff000] (64MB)
[    1.071726] clocksource: tsc: mask: 0xffffffffffffffff max_cycles: 0x2bf6c4ae424, max_idle_ns: 440795250795 ns
[    1.073580] clocksource: Switched to clocksource tsc
[    1.082576] Initialise system trusted keyrings
[    1.083412] Key type blacklist registered
[    1.084201] workingset: timestamp_bits=40 max_order=27 bucket_order=0
[    1.088105] SGI XFS with ACLs, security attributes, quota, no debug enabled
[    1.089882] 9p: Installing v9fs 9p2000 file system support
[    1.090913] integrity: Platform Keyring initialized
[    1.091835] NET: Registered PF_ALG protocol family
[    1.092672] xor: automatically using best checksumming function   avx       
[    1.093874] Key type asymmetric registered
[    1.094568] Asymmetric key parser 'x509' registered
[    1.095397] Block layer SCSI generic (bsg) driver version 0.4 loaded (major 248)
[    1.096691] io scheduler mq-deadline registered
[    1.098814] input: Power Button as /devices/LNXSYSTM:00/LNXPWRBN:00/input/input0
[    1.100261] ACPI: button: Power Button [PWRF]
[    1.101053] input: Sleep Button as /devices/LNXSYSTM:00/LNXSLPBN:00/input/input1
[    1.102598] ACPI: button: Sleep Button [SLPF]
[    1.109105] ACPI: \_SB_.LNKC: Enabled at IRQ 11
[    1.109963] virtio-pci 0000:00:03.0: virtio_pci: leaving for legacy driver
[    1.115288] ACPI: \_SB_.LNKA: Enabled at IRQ 10
[    1.116177] virtio-pci 0000:00:05.0: virtio_pci: leaving for legacy driver
[    1.119954] Serial: 8250/16550 driver, 4 ports, IRQ sharing disabled
[    1.121142] 00:03: ttyS0 at I/O 0x3f8 (irq = 4, base_baud = 115200) is a 16550A
[    1.122525] 00:04: ttyS1 at I/O 0x2f8 (irq = 3, base_baud = 115200) is a 16550A
[    1.123938] 00:05: ttyS2 at I/O 0x3e8 (irq = 6, base_baud = 115200) is a 16550A
[    1.125301] 00:06: ttyS3 at I/O 0x2e8 (irq = 7, base_baud = 115200) is a 16550A
[    1.126737] Non-volatile memory driver v1.3
[    1.146275] tpm_tis MSFT0101:00: 2.0 TPM (device-id 0x9009, rev-id 0)
[    1.160942] loop: module loaded
[    1.161559] Guest personality initialized and is inactive
[    1.162572] VMCI host device registered (name=vmci, major=10, minor=126)
[    1.163724] Initialized host personality
[    1.173724] scsi host0: Virtio SCSI HBA
[    1.177125] scsi 0:0:1:0: Direct-Access     Google   PersistentDisk   1    PQ: 0 ANSI: 6
[    1.198042] VMware PVSCSI driver - version 1.0.7.0-k
[    1.199040] hv_vmbus: registering driver hv_storvsc
[    1.200109] sd 0:0:1:0: [sda] 209715200 512-byte logical blocks: (107 GB/100 GiB)
[    1.200424] ixgbevf: Intel(R) 10 Gigabit PCI Express Virtual Function Network Driver
[    1.201406] sd 0:0:1:0: [sda] 4096-byte physical blocks
[    1.202643] ixgbevf: Copyright (c) 2009 - 2018 Intel Corporation.
[    1.202720] VMware vmxnet3 virtual NIC driver - version 1.7.0.0-k-NAPI
[    1.203547] sd 0:0:1:0: [sda] Write Protect is off
[    1.204516] hv_vmbus: registering driver hv_netvsc
[    1.205569] sd 0:0:1:0: [sda] Mode Sense: 1f 00 00 08
[    1.205635] sd 0:0:1:0: [sda] Write cache: enabled, read cache: enabled, doesn't support DPO or FUA
[    1.206460] i8042: PNP: PS/2 Controller [PNP0303:KBD,PNP0f13:MOU] at 0x60,0x64 irq 1,12
[    1.210223] i8042: Warning: Keylock active
[    1.212990] GPT:Primary header thinks Alt. header is not at the end of the disk.
[    1.213070] serio: i8042 KBD port at 0x60,0x64 irq 1
[    1.214223] GPT:20971519 != 209715199
[    1.214225] GPT:Alternate GPT header not at the end of the disk.
[    1.214226] GPT:20971519 != 209715199
[    1.214227] GPT: Use GNU Parted to correct GPT errors.
[    1.214234]  sda: sda1 sda2 sda3 sda4 sda5 sda6 sda7 sda8 sda9 sda10 sda11 sda12
[    1.214898] sd 0:0:1:0: [sda] Attached SCSI disk
[    1.215114] serio: i8042 AUX port at 0x60,0x64 irq 12
[    1.221525] hv_vmbus: registering driver hyperv_keyboard
[    1.222566] rtc_cmos 00:00: RTC can wake from S4
[    1.224418] rtc_cmos 00:00: registered as rtc0
[    1.225214] rtc_cmos 00:00: alarms up to one day, 114 bytes nvram
[    1.226251] iTCO_vendor_support: vendor-support=0
[    1.227019] device-mapper: core: CONFIG_IMA_DISABLE_HTABLE is disabled. Duplicate IMA measurements will not be recorded in the IMA log.
[    1.229127] device-mapper: ioctl: 4.47.0-ioctl (2022-07-28) initialised: dm-devel@redhat.com
[    1.230639] pstore: Registered efi as persistent store backend
[    1.231734] hv_utils: Registering HyperV Utility Driver
[    1.232617] hv_vmbus: registering driver hv_utils
[    1.233427] hv_vmbus: registering driver hv_balloon
[    1.234308] Mirror/redirect action on
[    1.245113] Initializing XFRM netlink socket
[    1.246057] NET: Registered PF_INET6 protocol family
[    1.247444] Segment Routing with IPv6
[    1.248114] In-situ OAM (IOAM) with IPv6
[    1.249017] NET: Registered PF_PACKET protocol family
[    1.249866] bridge: filtering via arp/ip/ip6tables is no longer available by default. Update your scripts to load br_netfilter if you need this.
[    1.252065] 9pnet: Installing 9P2000 support
[    1.252887] NET: Registered PF_VSOCK protocol family
[    1.260243] IPI shorthand broadcast: enabled
[    1.261228] sched_clock: Marking stable (1058006846, 203202048)->(1305235347, -44026453)
[    1.262797] registered taskstats version 1
[    1.263752] Loading compiled-in X.509 certificates
[    1.265349] Loaded X.509 cert 'Google LLC: Container-Optimized OS kernel signing key: 9ecb648d9af2a9bc414c18e08e28104367f506a3'
[    1.267401] Loaded X.509 cert 'Google: Container-Optimized OS: 2efea493fc148b35859d0bc8c3dd71a139fc7ab411283e06f6c10b5a6b17e355'
[    1.269424] pstore: Using crash dump compression: deflate
[    1.270663] AppArmor: AppArmor sha1 policy hashing enabled
[    1.271980] integrity: Loading X.509 certificate: UEFI:db
[    1.273162] integrity: Loaded X.509 cert 'Google LLC.: UEFI DB Key v10: 4b4eb27158d8dd4a5bb760f5677f184708c15fdaf94d830a7e59c94b065a2724'
[    1.275322] ima: Allocated hash algorithm: sha256
[    1.276687] ima: Can not allocate sha384 (reason: -2)
[    1.307286] ima: No architecture policies found
[    1.309411] PM:   Magic number: 0:775:537
[    1.310413] device-mapper: init: waiting for all devices to be available before creating mapped devices
[    1.432565] input: AT Translated Set 2 keyboard as /devices/platform/i8042/serio0/input/input2
[    1.434421] device-mapper: verity: sha256 using implementation "sha256-generic"
[    1.436220] device-mapper: ioctl: dm-0 (vroot) is ready
[    1.437099] clk: Disabling unused clocks
[    1.438556] md: Waiting for all devices to be available before autodetect
[    1.439668] md: If you don't use raid, use raid=noautodetect
[    1.440587] md: Autodetecting RAID arrays.
[    1.441252] md: autorun ...
[    1.441714] md: ... autorun DONE.
[    1.452711] EXT4-fs (dm-0): mounting ext2 file system using the ext4 subsystem
[    1.454908] EXT4-fs (dm-0): mounted filesystem without journal. Quota mode: none.
[    1.456186] VFS: Mounted root (ext2 filesystem) readonly on device 253:0.
[    1.460295] devtmpfs: mounted
[    1.468167] LoadPin: dm-0 (253:0): read-only
[    1.468888] LoadPin: load pinning engaged.
[    1.469561] LoadPin: x509-certificate pinned obj="/etc/ima/pubkey.x509" pid=1 cmdline=""
[    1.471598] integrity: Loading X.509 certificate: /etc/ima/pubkey.x509
[    1.473060] integrity: Loaded X.509 cert 'Google LLC: Container-Optimized OS kernel signing key: 9ecb648d9af2a9bc414c18e08e28104367f506a3'
[    1.476360] Freeing unused decrypted memory: 2036K
[    1.477828] Freeing unused kernel image (initmem) memory: 2112K
[    1.478781] Write protecting the kernel read-only data: 28672k
[    1.480646] Freeing unused kernel image (text/rodata gap) memory: 2036K
[    1.482123] Freeing unused kernel image (rodata/data gap) memory: 1480K
[    1.483306] Run /usr/lib/systemd/systemd as init process
[    1.484160]   with arguments:
[    1.484161]     /usr/lib/systemd/systemd
[    1.484162]     noresume
[    1.484163]     ,firmware
[    1.484164]     cros_efi
[    1.484165]   with environment:
[    1.484166]     HOME=/
[    1.484167]     TERM=linux
[    1.484168]     BOOT_IMAGE=/syslinux/vmlinuz.A
[    1.484169]     modules-load=vfio-pci
[    1.713510] systemd[1]: systemd 254 running in system mode (+PAM +AUDIT -SELINUX +APPARMOR +IMA +SMACK +SECCOMP +GCRYPT -GNUTLS +OPENSSL -ACL +BLKID -CURL -ELFUTILS -FIDO2 +IDN2 -IDN -IPTC +KMOD -LIBCRYPTSETUP +LIBFDISK -PCRE2 -PWQUALITY -P11KIT -QRENCODE -TPM2 -BZIP2 +LZ4 -XZ -ZLIB -ZSTD -BPF_FRAMEWORK -XKBCOMMON +UTMP +SYSVINIT default-hierarchy=unified)
[    1.718484] systemd[1]: Detected virtualization kvm.
[    1.719419] systemd[1]: Detected architecture x86-64.
[    1.728019] systemd[1]: Initializing machine ID from VM UUID.
[    1.729036] systemd[1]: Installed transient /etc/machine-id file.
[    2.015817] systemd[1]: Configuration file /usr/lib/systemd/system/systemd-tmpfiles-clean.timer is marked world-inaccessible. This has no effect as configuration data is accessible via APIs without restrictions. Proceeding anyway.
[    2.020225] systemd[1]: Configuration file /usr/lib/systemd/system/crash-sender.timer is marked world-inaccessible. This has no effect as configuration data is accessible via APIs without restrictions. Proceeding anyway.
[    2.075124] systemd[1]: Queued start job for default target multi-user.target.
[    2.086993] systemd[1]: Created slice system-getty.slice.
[    2.091809] systemd[1]: Created slice system-modprobe.slice.
[    2.096843] systemd[1]: Created slice system-serial\x2dgetty.slice.
[    2.101805] systemd[1]: Created slice system-sysdaemons.slice.
[    2.106820] systemd[1]: Created slice system-systemd\x2dfsck.slice.
[    2.111746] systemd[1]: Created slice user.slice.
[    2.116318] systemd[1]: Started systemd-ask-password-console.path.
[    2.121290] systemd[1]: Started systemd-ask-password-wall.path.
[    2.126405] systemd[1]: Set up automount proc-sys-fs-binfmt_misc.automount.
[    2.131248] systemd[1]: Expecting device dev-sda8.device...
[    2.135237] systemd[1]: Expecting device dev-stateful.device...
[    2.139235] systemd[1]: Expecting device dev-ttyS0.device...
[    2.143261] systemd[1]: Reached target paths.target.
[    2.147248] systemd[1]: Reached target remote-fs.target.
[    2.152240] systemd[1]: Reached target slices.target.
[    2.157247] systemd[1]: Reached target swap.target.
[    2.162638] systemd[1]: Listening on systemd-coredump.socket.
[    2.167296] systemd[1]: Listening on systemd-initctl.socket.
[    2.172482] systemd[1]: Listening on systemd-journald-audit.socket.
[    2.177364] systemd[1]: Listening on systemd-journald-dev-log.socket.
[    2.182381] systemd[1]: Listening on systemd-journald.socket.
[    2.187369] systemd[1]: Listening on systemd-networkd.socket.
[    2.192386] systemd[1]: Listening on systemd-udevd-control.socket.
[    2.197339] systemd[1]: Listening on systemd-udevd-kernel.socket.
[    2.212295] systemd[1]: Mounting dev-hugepages.mount...
[    2.218415] systemd[1]: Mounting dev-mqueue.mount...
[    2.228053] systemd[1]: Mounting mnt-disks.mount...
[    2.234323] systemd[1]: Mounting sys-firmware-efi-efivars.mount...
[    2.240413] systemd[1]: Mounting sys-kernel-debug.mount...
[    2.246401] systemd[1]: Mounting sys-kernel-tracing.mount...
[    2.251823] systemd[1]: Mounting tmp.mount...
[    2.257442] systemd[1]: Starting dev-shm-remount.service...
[    2.262499] systemd[1]: Starting kmod-static-nodes.service...
[    2.268259] systemd[1]: Starting modprobe@configfs.service...
[    2.273281] systemd[1]: Starting modprobe@dm_mod.service...
[    2.279262] systemd[1]: Starting modprobe@drm.service...
[    2.284197] systemd[1]: Starting modprobe@efi_pstore.service...
[    2.289244] systemd[1]: Starting modprobe@fuse.service...
[    2.295283] systemd[1]: Starting modprobe@loop.service...
[    2.300361] systemd[1]: Starting setup-install-attributes.service...
[    2.305032] fuse: init (API version 7.37)
[    2.307599] systemd[1]: Starting systemd-journald.service...
[    2.314471] systemd[1]: Starting systemd-modules-load.service...
[    2.320313] systemd-journald[636]: Collecting audit messages is enabled.
[    2.320450] systemd[1]: Starting systemd-remount-fs.service...
[    2.327596] systemd[1]: Starting systemd-udev-trigger.service...
[    2.329319] VFIO - User Level meta-driver version: 0.3
[    2.334589] systemd[1]: Starting warm-up.service...
[    2.341405] systemd[1]: Started systemd-journald.service.
[    2.609152] cryptd: max_cpu_qlen set to 1000
[    2.612961] ACPI: \_SB_.LNKD: Enabled at IRQ 11
[    2.615269] gvnic 0000:00:04.0: Driver is running with GQI QPL queue format.
[    2.616455] gvnic 0000:00:04.0: MAC addr: 42:01:0a:80:00:05
[    2.617440] gvnic 0000:00:04.0: JUMBO FRAMES device option enabled.
[    2.618568] gvnic 0000:00:04.0: TX queues 16, RX queues 16
[    2.619470] gvnic 0000:00:04.0: Max TX queues 16, Max RX queues 16
[    2.632948] AVX2 version of gcm_enc/dec engaged.
[    2.633492] gvnic 0000:00:04.0: GVE version 1.0.0
[    2.634616] gvnic 0000:00:04.0: GVE queue format 2
[    2.635687] AES CTR mode by8 optimization enabled
[    2.703380] gvnic 0000:00:04.0 eth0: Device link is up.
[    2.704443] IPv6: ADDRCONF(NETDEV_CHANGE): eth0: link becomes ready
[    2.712396] EXT4-fs (sda8): mounted filesystem with ordered data mode. Quota mode: none.
[    2.866589] EXT4-fs (sda1): mounted filesystem with ordered data mode. Quota mode: none.
[    2.935516] systemd-journald[636]: Received client request to flush runtime journal.
[    2.971373] EXT4-fs (sda1): resizing filesystem from 1533435 to 25126395 blocks
[    3.294739] EXT4-fs (sda1): resized filesystem to 25126395
[    3.421739] EXT4-fs (sda1): re-mounted. Quota mode: none.
[    3.430964] EXT4-fs (sda1): re-mounted. Quota mode: none.
[    3.438493] EXT4-fs (sda1): re-mounted. Quota mode: none.
[    3.439560] EXT4-fs (sda1): re-mounted. Quota mode: none.
[    5.024487] Bridge firewalling registered
[    8.629918] EXT4-fs (sda1): re-mounted. Quota mode: none.
[    9.390502] EXT4-fs (sda1): re-mounted. Quota mode: none.
[   11.349036] EXT4-fs (sda1): re-mounted. Quota mode: none.
[   12.272504] io scheduler bfq registered
[   15.843182] IPv6: ADDRCONF(NETDEV_CHANGE): eth0: link becomes ready
[   15.850989] IPv6: ADDRCONF(NETDEV_CHANGE): veth59e079d9: link becomes ready
[   15.859626] IPv6: ADDRCONF(NETDEV_CHANGE): eth0: link becomes ready
[   15.867152] IPv6: ADDRCONF(NETDEV_CHANGE): veth17548aa0: link becomes ready
[   15.875762] IPv6: ADDRCONF(NETDEV_CHANGE): eth0: link becomes ready
[   15.884010] IPv6: ADDRCONF(NETDEV_CHANGE): veth37a5f1d4: link becomes ready
[   17.358006] IPv6: ADDRCONF(NETDEV_CHANGE): eth0: link becomes ready
[   17.365759] IPv6: ADDRCONF(NETDEV_CHANGE): veth5e08f5de: link becomes ready
[   22.629105] IPv6: ADDRCONF(NETDEV_CHANGE): eth0: link becomes ready
[   22.636866] IPv6: ADDRCONF(NETDEV_CHANGE): vetha0a787d6: link becomes ready
[   22.653222] IPv6: ADDRCONF(NETDEV_CHANGE): veth0c5627c5: link becomes ready
[   22.661251] IPv6: ADDRCONF(NETDEV_CHANGE): vethb13fc6da: link becomes ready
[   23.598345] IPv6: ADDRCONF(NETDEV_CHANGE): veth803c0894: link becomes ready
[   24.605974] IPv6: ADDRCONF(NETDEV_CHANGE): eth0: link becomes ready
[   24.613590] IPv6: ADDRCONF(NETDEV_CHANGE): veth09e9b876: link becomes ready
[   25.601375] IPv6: ADDRCONF(NETDEV_CHANGE): veth0dd9fa4f: link becomes ready
[   27.676922] IPv6: ADDRCONF(NETDEV_CHANGE): eth0: link becomes ready
[   27.683397] IPv6: ADDRCONF(NETDEV_CHANGE): veth4763d351: link becomes ready
[   28.943894] IPv6: ADDRCONF(NETDEV_CHANGE): eth0: link becomes ready
[   28.951682] IPv6: ADDRCONF(NETDEV_CHANGE): veth3681f259: link becomes ready
[   29.165296] IPv6: ADDRCONF(NETDEV_CHANGE): veth721fbd7a: link becomes ready
